<html>
<body>
<pre>
<h1>µVision Build Log</h1>
<h2>Tool Versions:</h2>
IDE-Version: µVision V5.15
Copyright (C) 2015 ARM Ltd and ARM Germany GmbH. All rights reserved.
License Information: ECE IT McGill McGill University Flex license: MDK-ARM Professional: 100 user(s) (mdk_pro) Operation stops: 27 Aug 2018
 
Tool Versions:
Toolchain:       MDK-ARM Professional: 100 user(s)  Version: 5.15.0
Toolchain Path:  C:\Keil_v5\ARM\ARMCC\Bin
C Compiler:      Armcc.exe V5.05 update 2 (build 169)
Assembler:       Armasm.exe V5.05 update 2 (build 169)
Linker/Locator:  ArmLink.exe V5.05 update 2 (build 169)
Library Manager: ArmAr.exe V5.05 update 2 (build 169)
Hex Converter:   FromElf.exe V5.05 update 2 (build 169)
CPU DLL:         SARMCM3.DLL V5.15.0
Dialog DLL:      DCM.DLL V1.13.2.0
Target DLL:      STLink\ST-LINKIII-KEIL_SWO.dll V2.0.15.0_KEIL
Dialog DLL:      TCM.DLL V1.14.5.0
 
<h2>Project:</h2>
C:\DesignProject\MDK-ARM\NumRecDP.uvprojx
Project File Date:  04/04/2018

<h2>Output:</h2>
*** Using Compiler 'V5.05 update 2 (build 169)', folder: 'C:\Keil_v5\ARM\ARMCC\Bin'
Build target 'NumRecDP'
assembling startup_stm32f407xx.s...
compiling stm32f4xx_hal_flash_ex.c...
compiling stm32f4xx_hal_rcc_ex.c...
compiling stm32f4xx_hal_dma.c...
compiling stm32f4xx_hal_uart.c...
compiling stm32f4xx_hal_pwr_ex.c...
compiling stm32f4xx_hal_cortex.c...
compiling stm32f4xx_hal_pwr.c...
compiling stm32f4xx_hal_flash_ramfunc.c...
compiling stm32f4xx_hal_tim_ex.c...
compiling stm32f4xx_hal_flash.c...
compiling stm32f4xx_hal_gpio.c...
compiling stm32f4xx_hal_tim.c...
compiling stm32f4xx_hal_rcc.c...
compiling stm32f4xx_hal.c...
compiling stm32f4xx_hal_adc.c...
compiling stm32f4xx_hal_adc_ex.c...
compiling stm32f4xx_hal_dma_ex.c...
compiling system_stm32f4xx.c...
compiling stm32f4xx_it.c...
compiling main.c...
../Src/classification.h(6): warning:  #1-D: last line of file ends without a newline
  #endif
../Src/main.c(175): warning:  #1035-D: single-precision operand implicitly converted to double-precision
                                                                speech[i] = speech[i] - 0.95*speech[i-1];
../Src/main.c(264): warning:  #167-D: argument of type "char *" is incompatible with parameter of type "uint8_t *"
                                        HAL_UART_Transmit(&huart2, send, 9, 1000);
../Src/main.c(275): warning:  #167-D: argument of type "char *" is incompatible with parameter of type "uint8_t *"
                                        HAL_UART_Transmit(&huart2, send, 9, 1000);
../Src/main.c(277): warning:  #167-D: argument of type "char *" is incompatible with parameter of type "uint8_t *"
                                        HAL_UART_Transmit(&huart2, send, 9, 1000);
../Src/main.c(289): warning:  #167-D: argument of type "char *" is incompatible with parameter of type "uint8_t *"
                                        HAL_UART_Transmit(&huart2, send, 10, 1000);
../Src/main.c(292): warning:  #167-D: argument of type "char *" is incompatible with parameter of type "uint8_t *"
                                        HAL_UART_Transmit(&huart2, send2, 10, 1000);
../Src/main.c(293): warning:  #167-D: argument of type "char *" is incompatible with parameter of type "uint8_t *"
                                        HAL_UART_Transmit(&huart2, send2, 7, 1000);
../Src/main.c(295): warning:  #167-D: argument of type "char *" is incompatible with parameter of type "uint8_t *"
                                        HAL_UART_Transmit(&huart2, send, 9, 1000);
../Src/main.c(297): warning:  #167-D: argument of type "char *" is incompatible with parameter of type "uint8_t *"
                                        HAL_UART_Transmit(&huart2, send, 8, 1000);
../Src/main.c: 10 warnings, 0 errors
compiling stm32f4xx_hal_msp.c...
compiling fput_debug.c...
compiling constants.c...
compiling mfccFunc.c...
..\Src\mfccFunc.c(33): warning:  #1035-D: single-precision operand implicitly converted to double-precision
                buffer[i] = buffer[i] - 0.95*buffer[i-1];
..\Src\mfccFunc.c: 1 warning, 0 errors
compiling classification.c...
compiling classification_const.c...
linking...
Program Size: Code=21510 RO-data=1042 RW-data=43848 ZI-data=34544  
"NumRecDP\NumRecDP.axf" - 0 Error(s), 11 Warning(s).

<h2>Collection of Component include folders:</h2>
  C:\DesignProject\MDK-ARM\RTE
  C:\Keil_v5\ARM\PACK\Keil\STM32F4xx_DFP\2.11.0\Drivers\CMSIS\Device\ST\STM32F4xx\Include

<h2>Collection of Component Files used:</h2>
</pre>
</body>
</html>
