Component: ARM Compiler 5.05 update 2 (build 169) Tool: armlink [4d0f33]

==============================================================================

Section Cross References

    startup_stm32f407xx.o(RESET) refers to startup_stm32f407xx.o(STACK) for __initial_sp
    startup_stm32f407xx.o(RESET) refers to startup_stm32f407xx.o(.text) for Reset_Handler
    startup_stm32f407xx.o(RESET) refers to stm32f4xx_it.o(i.NMI_Handler) for NMI_Handler
    startup_stm32f407xx.o(RESET) refers to stm32f4xx_it.o(i.HardFault_Handler) for HardFault_Handler
    startup_stm32f407xx.o(RESET) refers to stm32f4xx_it.o(i.MemManage_Handler) for MemManage_Handler
    startup_stm32f407xx.o(RESET) refers to stm32f4xx_it.o(i.BusFault_Handler) for BusFault_Handler
    startup_stm32f407xx.o(RESET) refers to stm32f4xx_it.o(i.UsageFault_Handler) for UsageFault_Handler
    startup_stm32f407xx.o(RESET) refers to stm32f4xx_it.o(i.SVC_Handler) for SVC_Handler
    startup_stm32f407xx.o(RESET) refers to stm32f4xx_it.o(i.DebugMon_Handler) for DebugMon_Handler
    startup_stm32f407xx.o(RESET) refers to stm32f4xx_it.o(i.PendSV_Handler) for PendSV_Handler
    startup_stm32f407xx.o(RESET) refers to stm32f4xx_it.o(i.SysTick_Handler) for SysTick_Handler
    startup_stm32f407xx.o(RESET) refers to stm32f4xx_it.o(i.EXTI0_IRQHandler) for EXTI0_IRQHandler
    startup_stm32f407xx.o(RESET) refers to stm32f4xx_it.o(i.ADC_IRQHandler) for ADC_IRQHandler
    startup_stm32f407xx.o(RESET) refers to stm32f4xx_it.o(i.DMA2_Stream0_IRQHandler) for DMA2_Stream0_IRQHandler
    startup_stm32f407xx.o(.text) refers to system_stm32f4xx.o(i.SystemInit) for SystemInit
    startup_stm32f407xx.o(.text) refers to entry.o(.ARM.Collect$$$$00000000) for __main
    stm32f4xx_hal_flash_ex.o(i.HAL_FLASHEx_Erase) refers to stm32f4xx_hal_flash.o(i.FLASH_WaitForLastOperation) for FLASH_WaitForLastOperation
    stm32f4xx_hal_flash_ex.o(i.HAL_FLASHEx_Erase) refers to stm32f4xx_hal_flash_ex.o(i.FLASH_MassErase) for FLASH_MassErase
    stm32f4xx_hal_flash_ex.o(i.HAL_FLASHEx_Erase) refers to stm32f4xx_hal_flash_ex.o(i.FLASH_Erase_Sector) for FLASH_Erase_Sector
    stm32f4xx_hal_flash_ex.o(i.HAL_FLASHEx_Erase) refers to stm32f4xx_hal_flash_ex.o(i.FLASH_FlushCaches) for FLASH_FlushCaches
    stm32f4xx_hal_flash_ex.o(i.HAL_FLASHEx_Erase) refers to stm32f4xx_hal_flash.o(.bss) for pFlash
    stm32f4xx_hal_flash_ex.o(i.HAL_FLASHEx_Erase_IT) refers to stm32f4xx_hal_flash_ex.o(i.FLASH_Erase_Sector) for FLASH_Erase_Sector
    stm32f4xx_hal_flash_ex.o(i.HAL_FLASHEx_Erase_IT) refers to stm32f4xx_hal_flash_ex.o(i.FLASH_MassErase) for FLASH_MassErase
    stm32f4xx_hal_flash_ex.o(i.HAL_FLASHEx_Erase_IT) refers to stm32f4xx_hal_flash.o(.bss) for pFlash
    stm32f4xx_hal_flash_ex.o(i.HAL_FLASHEx_OBProgram) refers to stm32f4xx_hal_flash.o(i.FLASH_WaitForLastOperation) for FLASH_WaitForLastOperation
    stm32f4xx_hal_flash_ex.o(i.HAL_FLASHEx_OBProgram) refers to stm32f4xx_hal_flash.o(.bss) for pFlash
    stm32f4xx_hal_rcc_ex.o(i.HAL_RCCEx_DisablePLLI2S) refers to stm32f4xx_hal.o(i.HAL_GetTick) for HAL_GetTick
    stm32f4xx_hal_rcc_ex.o(i.HAL_RCCEx_EnablePLLI2S) refers to stm32f4xx_hal.o(i.HAL_GetTick) for HAL_GetTick
    stm32f4xx_hal_rcc_ex.o(i.HAL_RCCEx_PeriphCLKConfig) refers to stm32f4xx_hal.o(i.HAL_GetTick) for HAL_GetTick
    stm32f4xx_hal_rcc_ex.o(i.HAL_RCC_DeInit) refers to stm32f4xx_hal.o(i.HAL_GetTick) for HAL_GetTick
    stm32f4xx_hal_rcc_ex.o(i.HAL_RCC_DeInit) refers to stm32f4xx_hal.o(i.HAL_InitTick) for HAL_InitTick
    stm32f4xx_hal_rcc_ex.o(i.HAL_RCC_DeInit) refers to system_stm32f4xx.o(.data) for SystemCoreClock
    stm32f4xx_hal_dma.o(i.DMA_CalcBaseAndBitshift) refers to stm32f4xx_hal_dma.o(.constdata) for .constdata
    stm32f4xx_hal_dma.o(i.HAL_DMA_Abort) refers to stm32f4xx_hal.o(i.HAL_GetTick) for HAL_GetTick
    stm32f4xx_hal_dma.o(i.HAL_DMA_DeInit) refers to stm32f4xx_hal_dma.o(i.DMA_CalcBaseAndBitshift) for DMA_CalcBaseAndBitshift
    stm32f4xx_hal_dma.o(i.HAL_DMA_IRQHandler) refers to system_stm32f4xx.o(.data) for SystemCoreClock
    stm32f4xx_hal_dma.o(i.HAL_DMA_Init) refers to stm32f4xx_hal.o(i.HAL_GetTick) for HAL_GetTick
    stm32f4xx_hal_dma.o(i.HAL_DMA_Init) refers to stm32f4xx_hal_dma.o(i.DMA_CheckFifoParam) for DMA_CheckFifoParam
    stm32f4xx_hal_dma.o(i.HAL_DMA_Init) refers to stm32f4xx_hal_dma.o(i.DMA_CalcBaseAndBitshift) for DMA_CalcBaseAndBitshift
    stm32f4xx_hal_dma.o(i.HAL_DMA_PollForTransfer) refers to stm32f4xx_hal.o(i.HAL_GetTick) for HAL_GetTick
    stm32f4xx_hal_dma.o(i.HAL_DMA_PollForTransfer) refers to stm32f4xx_hal_dma.o(i.HAL_DMA_Abort) for HAL_DMA_Abort
    stm32f4xx_hal_dma.o(i.HAL_DMA_Start) refers to stm32f4xx_hal_dma.o(i.DMA_SetConfig) for DMA_SetConfig
    stm32f4xx_hal_dma.o(i.HAL_DMA_Start_IT) refers to stm32f4xx_hal_dma.o(i.DMA_SetConfig) for DMA_SetConfig
    stm32f4xx_hal_uart.o(i.HAL_HalfDuplex_Init) refers to stm32f4xx_hal_msp.o(i.HAL_UART_MspInit) for HAL_UART_MspInit
[...]
    Removing main.o(.constdata), (4 bytes).
    Removing main.o(.constdata), (4 bytes).
    Removing stm32f4xx_hal_msp.o(.rev16_text), (4 bytes).
    Removing stm32f4xx_hal_msp.o(.revsh_text), (4 bytes).
    Removing stm32f4xx_hal_msp.o(.rrx_text), (6 bytes).
    Removing stm32f4xx_hal_msp.o(i.HAL_ADC_MspDeInit), (60 bytes).
    Removing stm32f4xx_hal_msp.o(i.HAL_UART_MspDeInit), (40 bytes).
    Removing fput_debug.o(.rev16_text), (4 bytes).
    Removing fput_debug.o(.revsh_text), (4 bytes).
    Removing fput_debug.o(.rrx_text), (6 bytes).
    Removing kiss_fft.o(i.kiss_fft_cleanup), (2 bytes).
    Removing kiss_fft.o(i.kiss_fft_next_fast_size), (70 bytes).
    Removing dneg.o(.text), (6 bytes).
    Removing cdcmple.o(.text), (48 bytes).

266 unused section(s) (total 15674 bytes) removed from the image.

==============================================================================

Image Symbol Table

    Local Symbols

    Symbol Name                              Value     Ov Type        Size  Object(Section)

    ../Drivers/STM32F4xx_HAL_Driver/Src/stm32f4xx_hal.c 0x00000000   Number         0  stm32f4xx_hal.o ABSOLUTE
    ../Drivers/STM32F4xx_HAL_Driver/Src/stm32f4xx_hal_adc.c 0x00000000   Number         0  stm32f4xx_hal_adc.o ABSOLUTE
    ../Drivers/STM32F4xx_HAL_Driver/Src/stm32f4xx_hal_adc_ex.c 0x00000000   Number         0  stm32f4xx_hal_adc_ex.o ABSOLUTE
    ../Drivers/STM32F4xx_HAL_Driver/Src/stm32f4xx_hal_cortex.c 0x00000000   Number         0  stm32f4xx_hal_cortex.o ABSOLUTE
    ../Drivers/STM32F4xx_HAL_Driver/Src/stm32f4xx_hal_dma.c 0x00000000   Number         0  stm32f4xx_hal_dma.o ABSOLUTE
    ../Drivers/STM32F4xx_HAL_Driver/Src/stm32f4xx_hal_dma_ex.c 0x00000000   Number         0  stm32f4xx_hal_dma_ex.o ABSOLUTE
    ../Drivers/STM32F4xx_HAL_Driver/Src/stm32f4xx_hal_flash.c 0x00000000   Number         0  stm32f4xx_hal_flash.o ABSOLUTE
    ../Drivers/STM32F4xx_HAL_Driver/Src/stm32f4xx_hal_flash_ex.c 0x00000000   Number         0  stm32f4xx_hal_flash_ex.o ABSOLUTE
    ../Drivers/STM32F4xx_HAL_Driver/Src/stm32f4xx_hal_flash_ramfunc.c 0x00000000   Number         0  stm32f4xx_hal_flash_ramfunc.o ABSOLUTE
    ../Drivers/STM32F4xx_HAL_Driver/Src/stm32f4xx_hal_gpio.c 0x00000000   Number         0  stm32f4xx_hal_gpio.o ABSOLUTE
    ../Drivers/STM32F4xx_HAL_Driver/Src/stm32f4xx_hal_pwr.c 0x00000000   Number         0  stm32f4xx_hal_pwr.o ABSOLUTE
    ../Drivers/STM32F4xx_HAL_Driver/Src/stm32f4xx_hal_pwr_ex.c 0x00000000   Number         0  stm32f4xx_hal_pwr_ex.o ABSOLUTE
    ../Drivers/STM32F4xx_HAL_Driver/Src/stm32f4xx_hal_rcc.c 0x00000000   Number         0  stm32f4xx_hal_rcc.o ABSOLUTE
    ../Drivers/STM32F4xx_HAL_Driver/Src/stm32f4xx_hal_rcc_ex.c 0x00000000   Number         0  stm32f4xx_hal_rcc_ex.o ABSOLUTE
    ../Drivers/STM32F4xx_HAL_Driver/Src/stm32f4xx_hal_tim.c 0x00000000   Number         0  stm32f4xx_hal_tim.o ABSOLUTE
    ../Drivers/STM32F4xx_HAL_Driver/Src/stm32f4xx_hal_tim_ex.c 0x00000000   Number         0  stm32f4xx_hal_tim_ex.o ABSOLUTE
    ../Drivers/STM32F4xx_HAL_Driver/Src/stm32f4xx_hal_uart.c 0x00000000   Number         0  stm32f4xx_hal_uart.o ABSOLUTE
    ../Src/main.c                            0x00000000   Number         0  main.o ABSOLUTE
    ../Src/stm32f4xx_hal_msp.c               0x00000000   Number         0  stm32f4xx_hal_msp.o ABSOLUTE
    ../Src/stm32f4xx_it.c                    0x00000000   Number         0  stm32f4xx_it.o ABSOLUTE
    ../Src/system_stm32f4xx.c                0x00000000   Number         0  system_stm32f4xx.o ABSOLUTE
    ../clib/../cmprslib/zerorunl2.c          0x00000000   Number         0  __dczerorl2.o ABSOLUTE
    ../clib/microlib/division.c              0x00000000   Number         0  uldiv.o ABSOLUTE
    ../clib/microlib/division.c              0x00000000   Number         0  uidiv.o ABSOLUTE
    ../clib/microlib/errno.c                 0x00000000   Number         0  errno.o ABSOLUTE
    ../clib/microlib/init/entry.s            0x00000000   Number         0  entry.o ABSOLUTE
    ../clib/microlib/init/entry.s            0x00000000   Number         0  entry5.o ABSOLUTE
    ../clib/microlib/init/entry.s            0x00000000   Number         0  entry2.o ABSOLUTE
    ../clib/microlib/init/entry.s            0x00000000   Number         0  entry11b.o ABSOLUTE
    ../clib/microlib/init/entry.s            0x00000000   Number         0  entry8b.o ABSOLUTE
    ../clib/microlib/init/entry.s            0x00000000   Number         0  entry7b.o ABSOLUTE
    ../clib/microlib/init/entry.s            0x00000000   Number         0  entry10b.o ABSOLUTE
    ../clib/microlib/init/entry.s            0x00000000   Number         0  entry8a.o ABSOLUTE
    ../clib/microlib/init/entry.s            0x00000000   Number         0  entry7a.o ABSOLUTE
    ../clib/microlib/init/entry.s            0x00000000   Number         0  entry10a.o ABSOLUTE
    ../clib/microlib/init/entry.s            0x00000000   Number         0  entry9a.o ABSOLUTE
    ../clib/microlib/init/entry.s            0x00000000   Number         0  entry9b.o ABSOLUTE
    ../clib/microlib/init/entry.s            0x00000000   Number         0  entry11a.o ABSOLUTE
    ../clib/microlib/longlong.c              0x00000000   Number         0  llsshr.o ABSOLUTE
    ../clib/microlib/longlong.c              0x00000000   Number         0  llushr.o ABSOLUTE
    ../clib/microlib/longlong.c              0x00000000   Number         0  llshl.o ABSOLUTE
    ../clib/microlib/malloc/malloc.c         0x00000000   Number         0  mallocr.o ABSOLUTE
    ../clib/microlib/malloc/malloc.c         0x00000000   Number         0  malloc.o ABSOLUTE
    ../clib/microlib/malloc/malloc.c         0x00000000   Number         0  mallocra.o ABSOLUTE
    ../clib/microlib/malloc/malloc.c         0x00000000   Number         0  malloca.o ABSOLUTE
    ../clib/microlib/malloc/mvars.c          0x00000000   Number         0  mvars.o ABSOLUTE
    ../clib/microlib/printf/printf.c         0x00000000   Number         0  printf0.o ABSOLUTE
    ../clib/microlib/printf/printf.c         0x00000000   Number         0  printfb.o ABSOLUTE
    ../clib/microlib/printf/printf.c         0x00000000   Number         0  printf7.o ABSOLUTE
    ../clib/microlib/printf/printf.c         0x00000000   Number         0  printfa.o ABSOLUTE
    ../clib/microlib/printf/printf.c         0x00000000   Number         0  printf8.o ABSOLUTE
    ../clib/microlib/printf/printf.c         0x00000000   Number         0  printf6.o ABSOLUTE
    ../clib/microlib/printf/printf.c         0x00000000   Number         0  printf5.o ABSOLUTE
    ../clib/microlib/printf/printf.c         0x00000000   Number         0  printf4.o ABSOLUTE
    ../clib/microlib/printf/printf.c         0x00000000   Number         0  printf3.o ABSOLUTE
    ../clib/microlib/printf/printf.c         0x00000000   Number         0  printf2.o ABSOLUTE
    ../clib/microlib/printf/printf.c         0x00000000   Number         0  printf1.o ABSOLUTE
    ../clib/microlib/printf/stubs.s          0x00000000   Number         0  stubs.o ABSOLUTE
    ../clib/microlib/stdio/streams.c         0x00000000   Number         0  stdout.o ABSOLUTE
    ../clib/microlib/string/memcpy.c         0x00000000   Number         0  memcpya.o ABSOLUTE
    ../clib/microlib/string/memcpy.c         0x00000000   Number         0  memcpyb.o ABSOLUTE
    ../clib/microlib/stubs.s                 0x00000000   Number         0  iusefp.o ABSOLUTE
    ../fplib/microlib/d2f.c                  0x00000000   Number         0  d2f.o ABSOLUTE
    ../fplib/microlib/f2d.c                  0x00000000   Number         0  f2d.o ABSOLUTE
    ../fplib/microlib/fpadd.c                0x00000000   Number         0  dadd.o ABSOLUTE
    ../fplib/microlib/fpdiv.c                0x00000000   Number         0  ddiv.o ABSOLUTE
    ../fplib/microlib/fpepilogue.c           0x00000000   Number         0  depilogue.o ABSOLUTE
    ../fplib/microlib/fpepilogue.c           0x00000000   Number         0  fepilogue.o ABSOLUTE
    ../fplib/microlib/fpfix.c                0x00000000   Number         0  dfixi.o ABSOLUTE
    ../fplib/microlib/fpfix.c                0x00000000   Number         0  dfixul.o ABSOLUTE
    ../fplib/microlib/fpflt.c                0x00000000   Number         0  dflti.o ABSOLUTE
    ../fplib/microlib/fpflt.c                0x00000000   Number         0  dfltui.o ABSOLUTE
    ../fplib/microlib/fpmul.c                0x00000000   Number         0  dmul.o ABSOLUTE
    ../fplib/microlib/fpneg.c                0x00000000   Number         0  dneg.o ABSOLUTE
    ../fplib/microlib/fpscalb.c              0x00000000   Number         0  dscalb.o ABSOLUTE
    ../fplib/microlib/fpsqrt.c               0x00000000   Number         0  dsqrt.o ABSOLUTE
    ../mathlib/cos.c                         0x00000000   Number         0  cos.o ABSOLUTE
    ../mathlib/cos.c                         0x00000000   Number         0  cos_x.o ABSOLUTE
    ../mathlib/cos_i.c                       0x00000000   Number         0  cos_i.o ABSOLUTE
    ../mathlib/dunder.c                      0x00000000   Number         0  dunder.o ABSOLUTE
    ../mathlib/fabs.c                        0x00000000   Number         0  fabs.o ABSOLUTE
    ../mathlib/floor.c                       0x00000000   Number         0  floor.o ABSOLUTE
    ../mathlib/fpclassify.c                  0x00000000   Number         0  fpclassify.o ABSOLUTE
    ../mathlib/funder.c                      0x00000000   Number         0  funder.o ABSOLUTE
    ../mathlib/logf.c                        0x00000000   Number         0  logf_x.o ABSOLUTE
    ../mathlib/logf.c                        0x00000000   Number         0  logf.o ABSOLUTE
    ../mathlib/poly.c                        0x00000000   Number         0  poly.o ABSOLUTE
    ../mathlib/pow.c                         0x00000000   Number         0  pow.o ABSOLUTE
    ../mathlib/pow.c                         0x00000000   Number         0  pow_x.o ABSOLUTE
    ../mathlib/qnan.c                        0x00000000   Number         0  qnan.o ABSOLUTE
    ../mathlib/rred.c                        0x00000000   Number         0  rred.o ABSOLUTE
    ../mathlib/sin.c                         0x00000000   Number         0  sin_x.o ABSOLUTE
    ../mathlib/sin.c                         0x00000000   Number         0  sin.o ABSOLUTE
    ../mathlib/sin_i.c                       0x00000000   Number         0  sin_i.o ABSOLUTE
    ../mathlib/sin_i.c                       0x00000000   Number         0  sin_i_x.o ABSOLUTE
    ../mathlib/sqrt.c                        0x00000000   Number         0  sqrt.o ABSOLUTE
    ../mathlib/sqrt.c                        0x00000000   Number         0  sqrt_x.o ABSOLUTE
    ..\Drivers\STM32F4xx_HAL_Driver\Src\stm32f4xx_hal.c 0x00000000   Number         0  stm32f4xx_hal.o ABSOLUTE
    ..\Drivers\STM32F4xx_HAL_Driver\Src\stm32f4xx_hal_adc.c 0x00000000   Number         0  stm32f4xx_hal_adc.o ABSOLUTE
    ..\Drivers\STM32F4xx_HAL_Driver\Src\stm32f4xx_hal_adc_ex.c 0x00000000   Number         0  stm32f4xx_hal_adc_ex.o ABSOLUTE
    ..\Drivers\STM32F4xx_HAL_Driver\Src\stm32f4xx_hal_cortex.c 0x00000000   Number         0  stm32f4xx_hal_cortex.o ABSOLUTE
    ..\Drivers\STM32F4xx_HAL_Driver\Src\stm32f4xx_hal_dma.c 0x00000000   Number         0  stm32f4xx_hal_dma.o ABSOLUTE
    ..\Drivers\STM32F4xx_HAL_Driver\Src\stm32f4xx_hal_dma_ex.c 0x00000000   Number         0  stm32f4xx_hal_dma_ex.o ABSOLUTE
    ..\Drivers\STM32F4xx_HAL_Driver\Src\stm32f4xx_hal_flash.c 0x00000000   Number         0  stm32f4xx_hal_flash.o ABSOLUTE
    ..\Drivers\STM32F4xx_HAL_Driver\Src\stm32f4xx_hal_flash_ex.c 0x00000000   Number         0  stm32f4xx_hal_flash_ex.o ABSOLUTE
    ..\Drivers\STM32F4xx_HAL_Driver\Src\stm32f4xx_hal_flash_ramfunc.c 0x00000000   Number         0  stm32f4xx_hal_flash_ramfunc.o ABSOLUTE
    ..\Drivers\STM32F4xx_HAL_Driver\Src\stm32f4xx_hal_gpio.c 0x00000000   Number         0  stm32f4xx_hal_gpio.o ABSOLUTE
    ..\Drivers\STM32F4xx_HAL_Driver\Src\stm32f4xx_hal_pwr.c 0x00000000   Number         0  stm32f4xx_hal_pwr.o ABSOLUTE
    ..\Drivers\STM32F4xx_HAL_Driver\Src\stm32f4xx_hal_pwr_ex.c 0x00000000   Number         0  stm32f4xx_hal_pwr_ex.o ABSOLUTE
    ..\Drivers\STM32F4xx_HAL_Driver\Src\stm32f4xx_hal_rcc.c 0x00000000   Number         0  stm32f4xx_hal_rcc.o ABSOLUTE
    ..\Drivers\STM32F4xx_HAL_Driver\Src\stm32f4xx_hal_rcc_ex.c 0x00000000   Number         0  stm32f4xx_hal_rcc_ex.o ABSOLUTE
    ..\Drivers\STM32F4xx_HAL_Driver\Src\stm32f4xx_hal_tim.c 0x00000000   Number         0  stm32f4xx_hal_tim.o ABSOLUTE
    ..\Drivers\STM32F4xx_HAL_Driver\Src\stm32f4xx_hal_tim_ex.c 0x00000000   Number         0  stm32f4xx_hal_tim_ex.o ABSOLUTE
    ..\Drivers\STM32F4xx_HAL_Driver\Src\stm32f4xx_hal_uart.c 0x00000000   Number         0  stm32f4xx_hal_uart.o ABSOLUTE
    ..\Src\constants.c                       0x00000000   Number         0  constants.o ABSOLUTE
    ..\Src\kiss_fft.c                        0x00000000   Number         0  kiss_fft.o ABSOLUTE
    ..\Src\main.c                            0x00000000   Number         0  main.o ABSOLUTE
    ..\Src\mfccFunc.c                        0x00000000   Number         0  mfccfunc.o ABSOLUTE
    ..\Src\stm32f4xx_hal_msp.c               0x00000000   Number         0  stm32f4xx_hal_msp.o ABSOLUTE
    ..\Src\stm32f4xx_it.c                    0x00000000   Number         0  stm32f4xx_it.o ABSOLUTE
    ..\Src\system_stm32f4xx.c                0x00000000   Number         0  system_stm32f4xx.o ABSOLUTE
    cdcmple.s                                0x00000000   Number         0  cdcmple.o ABSOLUTE
    cdrcmple.s                               0x00000000   Number         0  cdrcmple.o ABSOLUTE
    dc.s                                     0x00000000   Number         0  dc.o ABSOLUTE
    fput_debug.c                             0x00000000   Number         0  fput_debug.o ABSOLUTE
    fput_debug.c                             0x00000000   Number         0  fput_debug.o ABSOLUTE
    handlers.s                               0x00000000   Number         0  handlers.o ABSOLUTE
    init.s                                   0x00000000   Number         0  init.o ABSOLUTE
    startup_stm32f407xx.s                    0x00000000   Number         0  startup_stm32f407xx.o ABSOLUTE
    RESET                                    0x08000000   Section      392  startup_stm32f407xx.o(RESET)
    .ARM.Collect$$$$00000000                 0x08000188   Section        0  entry.o(.ARM.Collect$$$$00000000)
    .ARM.Collect$$$$00000001                 0x08000188   Section        4  entry2.o(.ARM.Collect$$$$00000001)
    .ARM.Collect$$$$00000004                 0x0800018c   Section        4  entry5.o(.ARM.Collect$$$$00000004)
    .ARM.Collect$$$$00000008                 0x08000190   Section        0  entry7b.o(.ARM.Collect$$$$00000008)
    .ARM.Collect$$$$0000000A                 0x08000190   Section        0  entry8b.o(.ARM.Collect$$$$0000000A)
    .ARM.Collect$$$$0000000B                 0x08000190   Section        8  entry9a.o(.ARM.Collect$$$$0000000B)
    .ARM.Collect$$$$0000000D                 0x08000198   Section        0  entry10a.o(.ARM.Collect$$$$0000000D)
    .ARM.Collect$$$$0000000F                 0x08000198   Section        0  entry11a.o(.ARM.Collect$$$$0000000F)
    .ARM.Collect$$$$00002712                 0x08000198   Section        4  entry2.o(.ARM.Collect$$$$00002712)
    __lit__00000000                          0x08000198   Data           4  entry2.o(.ARM.Collect$$$$00002712)
    .text                                    0x0800019c   Section       36  startup_stm32f407xx.o(.text)
    $v0                                      0x0800019c   Number         0  startup_stm32f407xx.o(.text)
    .text                                    0x080001c0   Section        0  uldiv.o(.text)
    .text                                    0x08000222   Section        0  memcpya.o(.text)
    .text                                    0x08000246   Section        0  dadd.o(.text)
    .text                                    0x08000394   Section        0  dmul.o(.text)
    .text                                    0x08000478   Section        0  ddiv.o(.text)
    .text                                    0x08000556   Section        0  dflti.o(.text)
    .text                                    0x08000578   Section        0  f2d.o(.text)
    .text                                    0x080005a0   Section       48  cdrcmple.o(.text)
    .text                                    0x080005d0   Section        0  d2f.o(.text)
    .text                                    0x08000608   Section        0  uidiv.o(.text)
    .text                                    0x08000634   Section        0  llshl.o(.text)
    .text                                    0x08000652   Section        0  llushr.o(.text)
    .text                                    0x08000672   Section        0  llsshr.o(.text)
    .text                                    0x08000696   Section        0  iusefp.o(.text)
    .text                                    0x08000696   Section        0  fepilogue.o(.text)
    .text                                    0x08000704   Section        0  depilogue.o(.text)
    .text                                    0x080007be   Section        0  dscalb.o(.text)
    .text                                    0x080007ec   Section        0  dsqrt.o(.text)
    .text                                    0x0800088e   Section        0  dfixul.o(.text)
    .text                                    0x080008c0   Section       36  init.o(.text)
    .text                                    0x080008e4   Section        0  dfltui.o(.text)
    .text                                    0x080008fe   Section        0  dfixi.o(.text)
    .text                                    0x0800093c   Section        0  __dczerorl2.o(.text)
    i.ADC_DMAConvCplt                        0x08000992   Section        0  stm32f4xx_hal_adc.o(i.ADC_DMAConvCplt)
    ADC_DMAConvCplt                          0x08000993   Thumb Code    98  stm32f4xx_hal_adc.o(i.ADC_DMAConvCplt)
    i.ADC_DMAError                           0x080009f4   Section        0  stm32f4xx_hal_adc.o(i.ADC_DMAError)
    ADC_DMAError                             0x080009f5   Thumb Code    22  stm32f4xx_hal_adc.o(i.ADC_DMAError)
    i.ADC_DMAHalfConvCplt                    0x08000a0a   Section        0  stm32f4xx_hal_adc.o(i.ADC_DMAHalfConvCplt)
    ADC_DMAHalfConvCplt                      0x08000a0b   Thumb Code    10  stm32f4xx_hal_adc.o(i.ADC_DMAHalfConvCplt)
    i.ADC_IRQHandler                         0x08000a14   Section        0  stm32f4xx_it.o(i.ADC_IRQHandler)
    i.ADC_Init                               0x08000a20   Section        0  stm32f4xx_hal_adc.o(i.ADC_Init)
    ADC_Init                                 0x08000a21   Thumb Code   280  stm32f4xx_hal_adc.o(i.ADC_Init)
    i.BusFault_Handler                       0x08000b44   Section        0  stm32f4xx_it.o(i.BusFault_Handler)
    i.DMA2_Stream0_IRQHandler                0x08000b48   Section        0  stm32f4xx_it.o(i.DMA2_Stream0_IRQHandler)
    i.DMA_CalcBaseAndBitshift                0x08000b54   Section        0  stm32f4xx_hal_dma.o(i.DMA_CalcBaseAndBitshift)
    DMA_CalcBaseAndBitshift                  0x08000b55   Thumb Code    34  stm32f4xx_hal_dma.o(i.DMA_CalcBaseAndBitshift)
    i.DMA_CheckFifoParam                     0x08000b7c   Section        0  stm32f4xx_hal_dma.o(i.DMA_CheckFifoParam)
    DMA_CheckFifoParam                       0x08000b7d   Thumb Code    84  stm32f4xx_hal_dma.o(i.DMA_CheckFifoParam)
    i.DMA_SetConfig                          0x08000bd0   Section        0  stm32f4xx_hal_dma.o(i.DMA_SetConfig)
    DMA_SetConfig                            0x08000bd1   Thumb Code    40  stm32f4xx_hal_dma.o(i.DMA_SetConfig)
    i.DebugMon_Handler                       0x08000bf8   Section        0  stm32f4xx_it.o(i.DebugMon_Handler)
    i.EXTI0_IRQHandler                       0x08000bfa   Section        0  stm32f4xx_it.o(i.EXTI0_IRQHandler)
    i.HAL_ADCEx_InjectedConvCpltCallback     0x08000c00   Section        0  stm32f4xx_hal_adc_ex.o(i.HAL_ADCEx_InjectedConvCpltCallback)
    i.HAL_ADC_ConfigChannel                  0x08000c04   Section        0  stm32f4xx_hal_adc.o(i.HAL_ADC_ConfigChannel)
    i.HAL_ADC_ConvCpltCallback               0x08000d50   Section        0  main.o(i.HAL_ADC_ConvCpltCallback)
    i.HAL_ADC_ConvHalfCpltCallback           0x08000da4   Section        0  main.o(i.HAL_ADC_ConvHalfCpltCallback)
    i.HAL_ADC_ErrorCallback                  0x08000daa   Section        0  stm32f4xx_hal_adc.o(i.HAL_ADC_ErrorCallback)
    i.HAL_ADC_IRQHandler                     0x08000dac   Section        0  stm32f4xx_hal_adc.o(i.HAL_ADC_IRQHandler)
    i.HAL_ADC_Init                           0x08000ee8   Section        0  stm32f4xx_hal_adc.o(i.HAL_ADC_Init)
    i.HAL_ADC_LevelOutOfWindowCallback       0x08000f3c   Section        0  stm32f4xx_hal_adc.o(i.HAL_ADC_LevelOutOfWindowCallback)
    i.HAL_ADC_MspInit                        0x08000f40   Section        0  stm32f4xx_hal_msp.o(i.HAL_ADC_MspInit)
    i.HAL_ADC_Start                          0x08000fec   Section        0  stm32f4xx_hal_adc.o(i.HAL_ADC_Start)
    i.HAL_ADC_Start_DMA                      0x080010a8   Section        0  stm32f4xx_hal_adc.o(i.HAL_ADC_Start_DMA)
    i.HAL_ADC_Start_IT                       0x080011a8   Section        0  stm32f4xx_hal_adc.o(i.HAL_ADC_Start_IT)
    i.HAL_ADC_Stop_DMA                       0x08001270   Section        0  stm32f4xx_hal_adc.o(i.HAL_ADC_Stop_DMA)
    i.HAL_DMA_Abort                          0x080012c8   Section        0  stm32f4xx_hal_dma.o(i.HAL_DMA_Abort)
    i.HAL_DMA_IRQHandler                     0x08001358   Section        0  stm32f4xx_hal_dma.o(i.HAL_DMA_IRQHandler)
    i.HAL_DMA_Init                           0x080014f8   Section        0  stm32f4xx_hal_dma.o(i.HAL_DMA_Init)
    i.HAL_DMA_Start_IT                       0x080015cc   Section        0  stm32f4xx_hal_dma.o(i.HAL_DMA_Start_IT)
    i.HAL_GPIO_EXTI_Callback                 0x08001644   Section        0  stm32f4xx_hal_gpio.o(i.HAL_GPIO_EXTI_Callback)
    i.HAL_GPIO_EXTI_IRQHandler               0x08001648   Section        0  stm32f4xx_hal_gpio.o(i.HAL_GPIO_EXTI_IRQHandler)
    i.HAL_GPIO_Init                          0x08001660   Section        0  stm32f4xx_hal_gpio.o(i.HAL_GPIO_Init)
    i.HAL_GPIO_TogglePin                     0x08001810   Section        0  stm32f4xx_hal_gpio.o(i.HAL_GPIO_TogglePin)
    i.HAL_GPIO_WritePin                      0x08001818   Section        0  stm32f4xx_hal_gpio.o(i.HAL_GPIO_WritePin)
    i.HAL_GetTick                            0x08001824   Section        0  stm32f4xx_hal.o(i.HAL_GetTick)
    i.HAL_IncTick                            0x08001830   Section        0  stm32f4xx_hal.o(i.HAL_IncTick)
    i.HAL_Init                               0x08001840   Section        0  stm32f4xx_hal.o(i.HAL_Init)
    i.HAL_InitTick                           0x08001874   Section        0  stm32f4xx_hal.o(i.HAL_InitTick)
    i.HAL_MspInit                            0x080018b4   Section        0  stm32f4xx_hal_msp.o(i.HAL_MspInit)
    i.HAL_NVIC_EnableIRQ                     0x0800190c   Section        0  stm32f4xx_hal_cortex.o(i.HAL_NVIC_EnableIRQ)
    i.HAL_NVIC_SetPriority                   0x08001924   Section        0  stm32f4xx_hal_cortex.o(i.HAL_NVIC_SetPriority)
    i.HAL_NVIC_SetPriorityGrouping           0x08001964   Section        0  stm32f4xx_hal_cortex.o(i.HAL_NVIC_SetPriorityGrouping)
    i.HAL_RCC_ClockConfig                    0x08001988   Section        0  stm32f4xx_hal_rcc.o(i.HAL_RCC_ClockConfig)
    i.HAL_RCC_GetHCLKFreq                    0x08001ab8   Section        0  stm32f4xx_hal_rcc.o(i.HAL_RCC_GetHCLKFreq)
    i.HAL_RCC_GetPCLK1Freq                   0x08001ac4   Section        0  stm32f4xx_hal_rcc.o(i.HAL_RCC_GetPCLK1Freq)
    i.HAL_RCC_GetPCLK2Freq                   0x08001ae4   Section        0  stm32f4xx_hal_rcc.o(i.HAL_RCC_GetPCLK2Freq)
    i.HAL_RCC_GetSysClockFreq                0x08001b04   Section        0  stm32f4xx_hal_rcc.o(i.HAL_RCC_GetSysClockFreq)
    i.HAL_RCC_OscConfig                      0x08001b64   Section        0  stm32f4xx_hal_rcc.o(i.HAL_RCC_OscConfig)
    i.HAL_SYSTICK_CLKSourceConfig            0x08001e80   Section        0  stm32f4xx_hal_cortex.o(i.HAL_SYSTICK_CLKSourceConfig)
    i.HAL_SYSTICK_Callback                   0x08001e98   Section        0  stm32f4xx_hal_cortex.o(i.HAL_SYSTICK_Callback)
    i.HAL_SYSTICK_Config                     0x08001e9a   Section        0  stm32f4xx_hal_cortex.o(i.HAL_SYSTICK_Config)
    i.HAL_SYSTICK_IRQHandler                 0x08001ec2   Section        0  stm32f4xx_hal_cortex.o(i.HAL_SYSTICK_IRQHandler)
    i.HAL_UART_Init                          0x08001eca   Section        0  stm32f4xx_hal_uart.o(i.HAL_UART_Init)
    i.HAL_UART_MspInit                       0x08001f2c   Section        0  stm32f4xx_hal_msp.o(i.HAL_UART_MspInit)
    i.HAL_UART_Transmit                      0x08001f78   Section        0  stm32f4xx_hal_uart.o(i.HAL_UART_Transmit)
    i.HardFault_Handler                      0x08002032   Section        0  stm32f4xx_it.o(i.HardFault_Handler)
    i.MX_ADC1_Init                           0x08002034   Section        0  main.o(i.MX_ADC1_Init)
    MX_ADC1_Init                             0x08002035   Thumb Code    72  main.o(i.MX_ADC1_Init)
    i.MX_GPIO_Init                           0x08002088   Section        0  main.o(i.MX_GPIO_Init)
    MX_GPIO_Init                             0x08002089   Thumb Code   126  main.o(i.MX_GPIO_Init)
    i.MemManage_Handler                      0x08002118   Section        0  stm32f4xx_it.o(i.MemManage_Handler)
    i.NMI_Handler                            0x0800211a   Section        0  stm32f4xx_it.o(i.NMI_Handler)
    i.NVIC_SetPriority                       0x0800211c   Section        0  stm32f4xx_hal_cortex.o(i.NVIC_SetPriority)
    NVIC_SetPriority                         0x0800211d   Thumb Code    32  stm32f4xx_hal_cortex.o(i.NVIC_SetPriority)
    i.PendSV_Handler                         0x0800213c   Section        0  stm32f4xx_it.o(i.PendSV_Handler)
    i.SVC_Handler                            0x0800213e   Section        0  stm32f4xx_it.o(i.SVC_Handler)
    i.SysTick_Handler                        0x08002140   Section        0  stm32f4xx_it.o(i.SysTick_Handler)
    i.SystemClock_Config                     0x08002170   Section        0  main.o(i.SystemClock_Config)
    i.SystemInit                             0x08002210   Section        0  system_stm32f4xx.o(i.SystemInit)
    i.UART_SetConfig                         0x08002264   Section        0  stm32f4xx_hal_uart.o(i.UART_SetConfig)
    UART_SetConfig                           0x08002265   Thumb Code   676  stm32f4xx_hal_uart.o(i.UART_SetConfig)
    i.UART_Transmit_F                        0x08002510   Section        0  main.o(i.UART_Transmit_F)
    i.UART_WaitOnFlagUntilTimeout            0x080025b4   Section        0  stm32f4xx_hal_uart.o(i.UART_WaitOnFlagUntilTimeout)
    UART_WaitOnFlagUntilTimeout              0x080025b5   Thumb Code   100  stm32f4xx_hal_uart.o(i.UART_WaitOnFlagUntilTimeout)
    i.UsageFault_Handler                     0x08002618   Section        0  stm32f4xx_it.o(i.UsageFault_Handler)
    i._Error_Handler                         0x0800261a   Section        0  main.o(i._Error_Handler)
    i.__0printf                              0x0800261c   Section        0  printfa.o(i.__0printf)
    i.__0sprintf                             0x0800263c   Section        0  printfa.o(i.__0sprintf)
    i.__ARM_fpclassify                       0x08002664   Section        0  fpclassify.o(i.__ARM_fpclassify)
    i.__hardfp_cos                           0x08002698   Section        0  cos.o(i.__hardfp_cos)
    i.__hardfp_floor                         0x08002760   Section        0  floor.o(i.__hardfp_floor)
    i.__hardfp_logf                          0x08002878   Section        0  logf.o(i.__hardfp_logf)
    i.__hardfp_pow                           0x080029e8   Section        0  pow.o(i.__hardfp_pow)
    i.__hardfp_sin                           0x08003620   Section        0  sin.o(i.__hardfp_sin)
    i.__hardfp_sqrt                          0x080036e8   Section        0  sqrt.o(i.__hardfp_sqrt)
    i.__ieee754_rem_pio2                     0x08003768   Section        0  rred.o(i.__ieee754_rem_pio2)
    i.__kernel_cos                           0x08003ba0   Section        0  cos_i.o(i.__kernel_cos)
    i.__kernel_poly                          0x08003d10   Section        0  poly.o(i.__kernel_poly)
    i.__kernel_sin                           0x08003e08   Section        0  sin_i.o(i.__kernel_sin)
    i.__mathlib_dbl_divzero                  0x08003f38   Section        0  dunder.o(i.__mathlib_dbl_divzero)
    i.__mathlib_dbl_infnan                   0x08003f68   Section        0  dunder.o(i.__mathlib_dbl_infnan)
    i.__mathlib_dbl_infnan2                  0x08003f7c   Section        0  dunder.o(i.__mathlib_dbl_infnan2)
    i.__mathlib_dbl_invalid                  0x08003f90   Section        0  dunder.o(i.__mathlib_dbl_invalid)
    i.__mathlib_dbl_overflow                 0x08003fb0   Section        0  dunder.o(i.__mathlib_dbl_overflow)
    i.__mathlib_dbl_underflow                0x08003fd0   Section        0  dunder.o(i.__mathlib_dbl_underflow)
    i.__mathlib_flt_divzero                  0x08003ff0   Section        0  funder.o(i.__mathlib_flt_divzero)
    i.__mathlib_flt_infnan                   0x08004004   Section        0  funder.o(i.__mathlib_flt_infnan)
    i.__mathlib_flt_invalid                  0x0800400c   Section        0  funder.o(i.__mathlib_flt_invalid)
    i.__scatterload_copy                     0x0800401c   Section       14  handlers.o(i.__scatterload_copy)
    i.__scatterload_null                     0x0800402a   Section        2  handlers.o(i.__scatterload_null)
    i.__scatterload_zeroinit                 0x0800402c   Section       14  handlers.o(i.__scatterload_zeroinit)
    i.__set_errno                            0x0800403c   Section        0  errno.o(i.__set_errno)
    i._fp_digits                             0x08004048   Section        0  printfa.o(i._fp_digits)
    _fp_digits                               0x08004049   Thumb Code   334  printfa.o(i._fp_digits)
    i._printf_core                           0x080041ac   Section        0  printfa.o(i._printf_core)
    _printf_core                             0x080041ad   Thumb Code  1744  printfa.o(i._printf_core)
    i._printf_post_padding                   0x08004888   Section        0  printfa.o(i._printf_post_padding)
    _printf_post_padding                     0x08004889   Thumb Code    36  printfa.o(i._printf_post_padding)
    i._printf_pre_padding                    0x080048ac   Section        0  printfa.o(i._printf_pre_padding)
    _printf_pre_padding                      0x080048ad   Thumb Code    46  printfa.o(i._printf_pre_padding)
    i._sputc                                 0x080048da   Section        0  printfa.o(i._sputc)
    _sputc                                   0x080048db   Thumb Code    10  printfa.o(i._sputc)
    i.energyDetect                           0x080048e4   Section        0  main.o(i.energyDetect)
    i.fabs                                   0x08004b0c   Section        0  fabs.o(i.fabs)
    i.filter                                 0x08004b24   Section        0  mfccfunc.o(i.filter)
    i.fputc                                  0x08004b9c   Section        0  fput_debug.o(i.fputc)
    i.free                                   0x08004bc4   Section        0  malloc.o(i.free)
    i.kf_bfly3                               0x08004c14   Section        0  kiss_fft.o(i.kf_bfly3)
    kf_bfly3                                 0x08004c15   Thumb Code   326  kiss_fft.o(i.kf_bfly3)
    i.kf_bfly4                               0x08004d64   Section        0  kiss_fft.o(i.kf_bfly4)
    kf_bfly4                                 0x08004d65   Thumb Code   326  kiss_fft.o(i.kf_bfly4)
    i.kf_bfly5                               0x08004eaa   Section        0  kiss_fft.o(i.kf_bfly5)
    kf_bfly5                                 0x08004eab   Thumb Code   450  kiss_fft.o(i.kf_bfly5)
    i.kf_bfly_generic                        0x0800506c   Section        0  kiss_fft.o(i.kf_bfly_generic)
    kf_bfly_generic                          0x0800506d   Thumb Code   208  kiss_fft.o(i.kf_bfly_generic)
    i.kf_work                                0x0800513c   Section        0  kiss_fft.o(i.kf_work)
    kf_work                                  0x0800513d   Thumb Code   294  kiss_fft.o(i.kf_work)
    i.kiss_fft                               0x08005262   Section        0  kiss_fft.o(i.kiss_fft)
    i.kiss_fft_alloc                         0x08005268   Section        0  kiss_fft.o(i.kiss_fft_alloc)
    i.kiss_fft_stride                        0x08005384   Section        0  kiss_fft.o(i.kiss_fft_stride)
    i.mahalaTrans                            0x080053d8   Section        0  main.o(i.mahalaTrans)
    i.main                                   0x0800548c   Section        0  main.o(i.main)
    i.malloc                                 0x08005524   Section        0  malloc.o(i.malloc)
    i.mfccFunc                               0x08005590   Section        0  mfccfunc.o(i.mfccFunc)
    i.sqrt                                   0x08005908   Section        0  sqrt.o(i.sqrt)
    .constdata                               0x08005976   Section        8  stm32f4xx_hal_dma.o(.constdata)
    flagBitshiftOffset                       0x08005976   Data           8  stm32f4xx_hal_dma.o(.constdata)
    .constdata                               0x0800597e   Section       16  system_stm32f4xx.o(.constdata)
    .constdata                               0x0800598e   Section        8  system_stm32f4xx.o(.constdata)
    .constdata                               0x08005998   Section       64  logf.o(.constdata)
    logahi                                   0x08005998   Data          32  logf.o(.constdata)
    logalo                                   0x080059b8   Data          32  logf.o(.constdata)
    .constdata                               0x080059d8   Section      136  pow.o(.constdata)
    bp                                       0x080059d8   Data          16  pow.o(.constdata)
    dp_h                                     0x080059e8   Data          16  pow.o(.constdata)
    dp_l                                     0x080059f8   Data          16  pow.o(.constdata)
    L                                        0x08005a08   Data          48  pow.o(.constdata)
    P                                        0x08005a38   Data          40  pow.o(.constdata)
    .constdata                               0x08005a60   Section       48  cos_i.o(.constdata)
    C                                        0x08005a60   Data          48  cos_i.o(.constdata)
    .constdata                               0x08005a90   Section        8  qnan.o(.constdata)
    .constdata                               0x08005a98   Section      200  rred.o(.constdata)
    pio2s                                    0x08005a98   Data          48  rred.o(.constdata)
    twooverpi                                0x08005ac8   Data         152  rred.o(.constdata)
    .constdata                               0x08005b60   Section       40  sin_i.o(.constdata)
    S                                        0x08005b60   Data          40  sin_i.o(.constdata)
    .data                                    0x20000000   Section       12  stm32f4xx_hal.o(.data)
    .data                                    0x2000000c   Section        4  system_stm32f4xx.o(.data)
    .data                                    0x20000010   Section       36  main.o(.data)
    .data                                    0x20000034   Section       52  constants.o(.data)
    .data                                    0x20000068   Section    25700  constants.o(.data)
    .data                                    0x200064cc   Section     1300  constants.o(.data)
    .data                                    0x200069e0   Section        4  stdout.o(.data)
    .data                                    0x200069e4   Section        4  mvars.o(.data)
    .data                                    0x200069e8   Section        4  mvars.o(.data)
    .data                                    0x200069ec   Section        4  errno.o(.data)
    _errno                                   0x200069ec   Data           4  errno.o(.data)
    .bss                                     0x200069f0   Section    33384  main.o(.bss)
    ADCBuffer                                0x2000a8f8   Data       16000  main.o(.bss)
    .bss                                     0x2000ec58   Section       96  main.o(.bss)
    HEAP                                     0x2000ecb8   Section      512  startup_stm32f407xx.o(HEAP)
    STACK                                    0x2000eeb8   Section     1024  startup_stm32f407xx.o(STACK)

    Global Symbols

    Symbol Name                              Value     Ov Type        Size  Object(Section)

    BuildAttributes$$THM_ISAv4$E$P$D$K$B$S$7EM$VFPi3$EXTD16$VFPS$VFMA$PE$A:L22UL41UL21$X:L11$S22US41US21$IEEE1$IW$USESV6$~STKCKD$USESV7$~SHL$OTIME$ROPI$IEEEX$EBA8$MICROLIB$REQ8$PRES8$EABIv2 0x00000000   Number         0  anon$$obj.o ABSOLUTE
    __ARM_use_no_argv                        0x00000000   Number         0  main.o ABSOLUTE
    _printf_a                                0x00000000   Number         0  stubs.o ABSOLUTE
    _printf_c                                0x00000000   Number         0  stubs.o ABSOLUTE
    _printf_charcount                        0x00000000   Number         0  stubs.o ABSOLUTE
    _printf_d                                0x00000000   Number         0  stubs.o ABSOLUTE
    _printf_e                                0x00000000   Number         0  stubs.o ABSOLUTE
    _printf_f                                0x00000000   Number         0  stubs.o ABSOLUTE
    _printf_flags                            0x00000000   Number         0  stubs.o ABSOLUTE
    _printf_fp_dec                           0x00000000   Number         0  stubs.o ABSOLUTE
    _printf_fp_hex                           0x00000000   Number         0  stubs.o ABSOLUTE
    _printf_g                                0x00000000   Number         0  stubs.o ABSOLUTE
    _printf_i                                0x00000000   Number         0  stubs.o ABSOLUTE
    _printf_int_dec                          0x00000000   Number         0  stubs.o ABSOLUTE
    _printf_l                                0x00000000   Number         0  stubs.o ABSOLUTE
    _printf_lc                               0x00000000   Number         0  stubs.o ABSOLUTE
    _printf_ll                               0x00000000   Number         0  stubs.o ABSOLUTE
    _printf_lld                              0x00000000   Number         0  stubs.o ABSOLUTE
    _printf_lli                              0x00000000   Number         0  stubs.o ABSOLUTE
    _printf_llo                              0x00000000   Number         0  stubs.o ABSOLUTE
    _printf_llu                              0x00000000   Number         0  stubs.o ABSOLUTE
    _printf_llx                              0x00000000   Number         0  stubs.o ABSOLUTE
    _printf_longlong_dec                     0x00000000   Number         0  stubs.o ABSOLUTE
    _printf_longlong_hex                     0x00000000   Number         0  stubs.o ABSOLUTE
    _printf_longlong_oct                     0x00000000   Number         0  stubs.o ABSOLUTE
    _printf_ls                               0x00000000   Number         0  stubs.o ABSOLUTE
    _printf_mbtowc                           0x00000000   Number         0  stubs.o ABSOLUTE
    _printf_n                                0x00000000   Number         0  stubs.o ABSOLUTE
    _printf_o                                0x00000000   Number         0  stubs.o ABSOLUTE
    _printf_p                                0x00000000   Number         0  stubs.o ABSOLUTE
    _printf_percent                          0x00000000   Number         0  stubs.o ABSOLUTE
    _printf_pre_padding                      0x00000000   Number         0  stubs.o ABSOLUTE
    _printf_return_value                     0x00000000   Number         0  stubs.o ABSOLUTE
    _printf_s                                0x00000000   Number         0  stubs.o ABSOLUTE
    _printf_sizespec                         0x00000000   Number         0  stubs.o ABSOLUTE
    _printf_str                              0x00000000   Number         0  stubs.o ABSOLUTE
    _printf_truncate_signed                  0x00000000   Number         0  stubs.o ABSOLUTE
    _printf_truncate_unsigned                0x00000000   Number         0  stubs.o ABSOLUTE
    _printf_u                                0x00000000   Number         0  stubs.o ABSOLUTE
    _printf_wc                               0x00000000   Number         0  stubs.o ABSOLUTE
    _printf_wctomb                           0x00000000   Number         0  stubs.o ABSOLUTE
    _printf_widthprec                        0x00000000   Number         0  stubs.o ABSOLUTE
    _printf_x                                0x00000000   Number         0  stubs.o ABSOLUTE
    __cpp_initialize__aeabi_                  - Undefined Weak Reference
    __cxa_finalize                            - Undefined Weak Reference
    _clock_init                               - Undefined Weak Reference
    _microlib_exit                            - Undefined Weak Reference
    __Vectors_Size                           0x00000188   Number         0  startup_stm32f407xx.o ABSOLUTE
    __Vectors                                0x08000000   Data           4  startup_stm32f407xx.o(RESET)
    __Vectors_End                            0x08000188   Data           0  startup_stm32f407xx.o(RESET)
    __main                                   0x08000189   Thumb Code     0  entry.o(.ARM.Collect$$$$00000000)
    _main_stk                                0x08000189   Thumb Code     0  entry2.o(.ARM.Collect$$$$00000001)
    _main_scatterload                        0x0800018d   Thumb Code     0  entry5.o(.ARM.Collect$$$$00000004)
    __main_after_scatterload                 0x08000191   Thumb Code     0  entry5.o(.ARM.Collect$$$$00000004)
    _main_clock                              0x08000191   Thumb Code     0  entry7b.o(.ARM.Collect$$$$00000008)
    _main_cpp_init                           0x08000191   Thumb Code     0  entry8b.o(.ARM.Collect$$$$0000000A)
    _main_init                               0x08000191   Thumb Code     0  entry9a.o(.ARM.Collect$$$$0000000B)
    __rt_final_cpp                           0x08000199   Thumb Code     0  entry10a.o(.ARM.Collect$$$$0000000D)
    __rt_final_exit                          0x08000199   Thumb Code     0  entry11a.o(.ARM.Collect$$$$0000000F)
    Reset_Handler                            0x0800019d   Thumb Code     8  startup_stm32f407xx.o(.text)
    CAN1_RX0_IRQHandler                      0x080001b7   Thumb Code     0  startup_stm32f407xx.o(.text)
    CAN1_RX1_IRQHandler                      0x080001b7   Thumb Code     0  startup_stm32f407xx.o(.text)
    CAN1_SCE_IRQHandler                      0x080001b7   Thumb Code     0  startup_stm32f407xx.o(.text)
    CAN1_TX_IRQHandler                       0x080001b7   Thumb Code     0  startup_stm32f407xx.o(.text)
    CAN2_RX0_IRQHandler                      0x080001b7   Thumb Code     0  startup_stm32f407xx.o(.text)
    CAN2_RX1_IRQHandler                      0x080001b7   Thumb Code     0  startup_stm32f407xx.o(.text)
    CAN2_SCE_IRQHandler                      0x080001b7   Thumb Code     0  startup_stm32f407xx.o(.text)
    CAN2_TX_IRQHandler                       0x080001b7   Thumb Code     0  startup_stm32f407xx.o(.text)
    DCMI_IRQHandler                          0x080001b7   Thumb Code     0  startup_stm32f407xx.o(.text)
    DMA1_Stream0_IRQHandler                  0x080001b7   Thumb Code     0  startup_stm32f407xx.o(.text)
    DMA1_Stream1_IRQHandler                  0x080001b7   Thumb Code     0  startup_stm32f407xx.o(.text)
    DMA1_Stream2_IRQHandler                  0x080001b7   Thumb Code     0  startup_stm32f407xx.o(.text)
    DMA1_Stream3_IRQHandler                  0x080001b7   Thumb Code     0  startup_stm32f407xx.o(.text)
    DMA1_Stream4_IRQHandler                  0x080001b7   Thumb Code     0  startup_stm32f407xx.o(.text)
    DMA1_Stream5_IRQHandler                  0x080001b7   Thumb Code     0  startup_stm32f407xx.o(.text)
    DMA1_Stream6_IRQHandler                  0x080001b7   Thumb Code     0  startup_stm32f407xx.o(.text)
    DMA1_Stream7_IRQHandler                  0x080001b7   Thumb Code     0  startup_stm32f407xx.o(.text)
    DMA2_Stream1_IRQHandler                  0x080001b7   Thumb Code     0  startup_stm32f407xx.o(.text)
    DMA2_Stream2_IRQHandler                  0x080001b7   Thumb Code     0  startup_stm32f407xx.o(.text)
    DMA2_Stream3_IRQHandler                  0x080001b7   Thumb Code     0  startup_stm32f407xx.o(.text)
    DMA2_Stream4_IRQHandler                  0x080001b7   Thumb Code     0  startup_stm32f407xx.o(.text)
    DMA2_Stream5_IRQHandler                  0x080001b7   Thumb Code     0  startup_stm32f407xx.o(.text)
    DMA2_Stream6_IRQHandler                  0x080001b7   Thumb Code     0  startup_stm32f407xx.o(.text)
    DMA2_Stream7_IRQHandler                  0x080001b7   Thumb Code     0  startup_stm32f407xx.o(.text)
    ETH_IRQHandler                           0x080001b7   Thumb Code     0  startup_stm32f407xx.o(.text)
    ETH_WKUP_IRQHandler                      0x080001b7   Thumb Code     0  startup_stm32f407xx.o(.text)
    EXTI15_10_IRQHandler                     0x080001b7   Thumb Code     0  startup_stm32f407xx.o(.text)
    EXTI1_IRQHandler                         0x080001b7   Thumb Code     0  startup_stm32f407xx.o(.text)
    EXTI2_IRQHandler                         0x080001b7   Thumb Code     0  startup_stm32f407xx.o(.text)
    EXTI3_IRQHandler                         0x080001b7   Thumb Code     0  startup_stm32f407xx.o(.text)
    EXTI4_IRQHandler                         0x080001b7   Thumb Code     0  startup_stm32f407xx.o(.text)
    EXTI9_5_IRQHandler                       0x080001b7   Thumb Code     0  startup_stm32f407xx.o(.text)
    FLASH_IRQHandler                         0x080001b7   Thumb Code     0  startup_stm32f407xx.o(.text)
    FMC_IRQHandler                           0x080001b7   Thumb Code     0  startup_stm32f407xx.o(.text)
    FPU_IRQHandler                           0x080001b7   Thumb Code     0  startup_stm32f407xx.o(.text)
    HASH_RNG_IRQHandler                      0x080001b7   Thumb Code     0  startup_stm32f407xx.o(.text)
    I2C1_ER_IRQHandler                       0x080001b7   Thumb Code     0  startup_stm32f407xx.o(.text)
    I2C1_EV_IRQHandler                       0x080001b7   Thumb Code     0  startup_stm32f407xx.o(.text)
    I2C2_ER_IRQHandler                       0x080001b7   Thumb Code     0  startup_stm32f407xx.o(.text)
    I2C2_EV_IRQHandler                       0x080001b7   Thumb Code     0  startup_stm32f407xx.o(.text)
    I2C3_ER_IRQHandler                       0x080001b7   Thumb Code     0  startup_stm32f407xx.o(.text)
    I2C3_EV_IRQHandler                       0x080001b7   Thumb Code     0  startup_stm32f407xx.o(.text)
    OTG_FS_IRQHandler                        0x080001b7   Thumb Code     0  startup_stm32f407xx.o(.text)
    OTG_FS_WKUP_IRQHandler                   0x080001b7   Thumb Code     0  startup_stm32f407xx.o(.text)
    OTG_HS_EP1_IN_IRQHandler                 0x080001b7   Thumb Code     0  startup_stm32f407xx.o(.text)
    OTG_HS_EP1_OUT_IRQHandler                0x080001b7   Thumb Code     0  startup_stm32f407xx.o(.text)
    OTG_HS_IRQHandler                        0x080001b7   Thumb Code     0  startup_stm32f407xx.o(.text)
    OTG_HS_WKUP_IRQHandler                   0x080001b7   Thumb Code     0  startup_stm32f407xx.o(.text)
    PVD_IRQHandler                           0x080001b7   Thumb Code     0  startup_stm32f407xx.o(.text)
    RCC_IRQHandler                           0x080001b7   Thumb Code     0  startup_stm32f407xx.o(.text)
    RTC_Alarm_IRQHandler                     0x080001b7   Thumb Code     0  startup_stm32f407xx.o(.text)
    RTC_WKUP_IRQHandler                      0x080001b7   Thumb Code     0  startup_stm32f407xx.o(.text)
    SDIO_IRQHandler                          0x080001b7   Thumb Code     0  startup_stm32f407xx.o(.text)
    SPI1_IRQHandler                          0x080001b7   Thumb Code     0  startup_stm32f407xx.o(.text)
    SPI2_IRQHandler                          0x080001b7   Thumb Code     0  startup_stm32f407xx.o(.text)
    SPI3_IRQHandler                          0x080001b7   Thumb Code     0  startup_stm32f407xx.o(.text)
    TAMP_STAMP_IRQHandler                    0x080001b7   Thumb Code     0  startup_stm32f407xx.o(.text)
    TIM1_BRK_TIM9_IRQHandler                 0x080001b7   Thumb Code     0  startup_stm32f407xx.o(.text)
    TIM1_CC_IRQHandler                       0x080001b7   Thumb Code     0  startup_stm32f407xx.o(.text)
    TIM1_TRG_COM_TIM11_IRQHandler            0x080001b7   Thumb Code     0  startup_stm32f407xx.o(.text)
    TIM1_UP_TIM10_IRQHandler                 0x080001b7   Thumb Code     0  startup_stm32f407xx.o(.text)
    TIM2_IRQHandler                          0x080001b7   Thumb Code     0  startup_stm32f407xx.o(.text)
    TIM3_IRQHandler                          0x080001b7   Thumb Code     0  startup_stm32f407xx.o(.text)
    TIM4_IRQHandler                          0x080001b7   Thumb Code     0  startup_stm32f407xx.o(.text)
    TIM5_IRQHandler                          0x080001b7   Thumb Code     0  startup_stm32f407xx.o(.text)
    TIM6_DAC_IRQHandler                      0x080001b7   Thumb Code     0  startup_stm32f407xx.o(.text)
    TIM7_IRQHandler                          0x080001b7   Thumb Code     0  startup_stm32f407xx.o(.text)
    TIM8_BRK_TIM12_IRQHandler                0x080001b7   Thumb Code     0  startup_stm32f407xx.o(.text)
    TIM8_CC_IRQHandler                       0x080001b7   Thumb Code     0  startup_stm32f407xx.o(.text)
    TIM8_TRG_COM_TIM14_IRQHandler            0x080001b7   Thumb Code     0  startup_stm32f407xx.o(.text)
    TIM8_UP_TIM13_IRQHandler                 0x080001b7   Thumb Code     0  startup_stm32f407xx.o(.text)
    UART4_IRQHandler                         0x080001b7   Thumb Code     0  startup_stm32f407xx.o(.text)
    UART5_IRQHandler                         0x080001b7   Thumb Code     0  startup_stm32f407xx.o(.text)
    USART1_IRQHandler                        0x080001b7   Thumb Code     0  startup_stm32f407xx.o(.text)
    USART2_IRQHandler                        0x080001b7   Thumb Code     0  startup_stm32f407xx.o(.text)
    USART3_IRQHandler                        0x080001b7   Thumb Code     0  startup_stm32f407xx.o(.text)
    USART6_IRQHandler                        0x080001b7   Thumb Code     0  startup_stm32f407xx.o(.text)
    WWDG_IRQHandler                          0x080001b7   Thumb Code     0  startup_stm32f407xx.o(.text)
    __aeabi_uldivmod                         0x080001c1   Thumb Code    98  uldiv.o(.text)
    __aeabi_memcpy                           0x08000223   Thumb Code    36  memcpya.o(.text)
    __aeabi_memcpy4                          0x08000223   Thumb Code     0  memcpya.o(.text)
    __aeabi_memcpy8                          0x08000223   Thumb Code     0  memcpya.o(.text)
    __aeabi_dadd                             0x08000247   Thumb Code   322  dadd.o(.text)
    __aeabi_dsub                             0x08000389   Thumb Code     6  dadd.o(.text)
    __aeabi_drsub                            0x0800038f   Thumb Code     6  dadd.o(.text)
    __aeabi_dmul                             0x08000395   Thumb Code   228  dmul.o(.text)
    __aeabi_ddiv                             0x08000479   Thumb Code   222  ddiv.o(.text)
    __aeabi_i2d                              0x08000557   Thumb Code    34  dflti.o(.text)
    __aeabi_f2d                              0x08000579   Thumb Code    38  f2d.o(.text)
    __aeabi_cdrcmple                         0x080005a1   Thumb Code    48  cdrcmple.o(.text)
    __aeabi_d2f                              0x080005d1   Thumb Code    56  d2f.o(.text)
    __aeabi_uidiv                            0x08000609   Thumb Code     0  uidiv.o(.text)
    __aeabi_uidivmod                         0x08000609   Thumb Code    44  uidiv.o(.text)
    __aeabi_llsl                             0x08000635   Thumb Code    30  llshl.o(.text)
    _ll_shift_l                              0x08000635   Thumb Code     0  llshl.o(.text)
    __aeabi_llsr                             0x08000653   Thumb Code    32  llushr.o(.text)
    _ll_ushift_r                             0x08000653   Thumb Code     0  llushr.o(.text)
    __aeabi_lasr                             0x08000673   Thumb Code    36  llsshr.o(.text)
    _ll_sshift_r                             0x08000673   Thumb Code     0  llsshr.o(.text)
    __I$use$fp                               0x08000697   Thumb Code     0  iusefp.o(.text)
    _float_round                             0x08000697   Thumb Code    18  fepilogue.o(.text)
    _float_epilogue                          0x080006a9   Thumb Code    92  fepilogue.o(.text)
    _double_round                            0x08000705   Thumb Code    30  depilogue.o(.text)
    _double_epilogue                         0x08000723   Thumb Code   156  depilogue.o(.text)
    __ARM_scalbn                             0x080007bf   Thumb Code    46  dscalb.o(.text)
    scalbn                                   0x080007bf   Thumb Code     0  dscalb.o(.text)
    _dsqrt                                   0x080007ed   Thumb Code   162  dsqrt.o(.text)
    __aeabi_d2ulz                            0x0800088f   Thumb Code    48  dfixul.o(.text)
    __scatterload                            0x080008c1   Thumb Code    28  init.o(.text)
    __scatterload_rt2                        0x080008c1   Thumb Code     0  init.o(.text)
    __aeabi_ui2d                             0x080008e5   Thumb Code    26  dfltui.o(.text)
    __aeabi_d2iz                             0x080008ff   Thumb Code    62  dfixi.o(.text)
    __decompress                             0x0800093d   Thumb Code     0  __dczerorl2.o(.text)
    __decompress1                            0x0800093d   Thumb Code    86  __dczerorl2.o(.text)
    ADC_IRQHandler                           0x08000a15   Thumb Code     6  stm32f4xx_it.o(i.ADC_IRQHandler)
    BusFault_Handler                         0x08000b45   Thumb Code     2  stm32f4xx_it.o(i.BusFault_Handler)
    DMA2_Stream0_IRQHandler                  0x08000b49   Thumb Code     6  stm32f4xx_it.o(i.DMA2_Stream0_IRQHandler)
    DebugMon_Handler                         0x08000bf9   Thumb Code     2  stm32f4xx_it.o(i.DebugMon_Handler)
    EXTI0_IRQHandler                         0x08000bfb   Thumb Code     6  stm32f4xx_it.o(i.EXTI0_IRQHandler)
    HAL_ADCEx_InjectedConvCpltCallback       0x08000c01   Thumb Code     2  stm32f4xx_hal_adc_ex.o(i.HAL_ADCEx_InjectedConvCpltCallback)
    HAL_ADC_ConfigChannel                    0x08000c05   Thumb Code   316  stm32f4xx_hal_adc.o(i.HAL_ADC_ConfigChannel)
    HAL_ADC_ConvCpltCallback                 0x08000d51   Thumb Code    66  main.o(i.HAL_ADC_ConvCpltCallback)
    HAL_ADC_ConvHalfCpltCallback             0x08000da5   Thumb Code     6  main.o(i.HAL_ADC_ConvHalfCpltCallback)
    HAL_ADC_ErrorCallback                    0x08000dab   Thumb Code     2  stm32f4xx_hal_adc.o(i.HAL_ADC_ErrorCallback)
    HAL_ADC_IRQHandler                       0x08000dad   Thumb Code   316  stm32f4xx_hal_adc.o(i.HAL_ADC_IRQHandler)
    HAL_ADC_Init                             0x08000ee9   Thumb Code    84  stm32f4xx_hal_adc.o(i.HAL_ADC_Init)
    HAL_ADC_LevelOutOfWindowCallback         0x08000f3d   Thumb Code     2  stm32f4xx_hal_adc.o(i.HAL_ADC_LevelOutOfWindowCallback)
    HAL_ADC_MspInit                          0x08000f41   Thumb Code   124  stm32f4xx_hal_msp.o(i.HAL_ADC_MspInit)
    HAL_ADC_Start                            0x08000fed   Thumb Code   170  stm32f4xx_hal_adc.o(i.HAL_ADC_Start)
    HAL_ADC_Start_DMA                        0x080010a9   Thumb Code   228  stm32f4xx_hal_adc.o(i.HAL_ADC_Start_DMA)
    HAL_ADC_Start_IT                         0x080011a9   Thumb Code   180  stm32f4xx_hal_adc.o(i.HAL_ADC_Start_IT)
    HAL_ADC_Stop_DMA                         0x08001271   Thumb Code    88  stm32f4xx_hal_adc.o(i.HAL_ADC_Stop_DMA)
    HAL_DMA_Abort                            0x080012c9   Thumb Code   142  stm32f4xx_hal_dma.o(i.HAL_DMA_Abort)
    HAL_DMA_IRQHandler                       0x08001359   Thumb Code   412  stm32f4xx_hal_dma.o(i.HAL_DMA_IRQHandler)
    HAL_DMA_Init                             0x080014f9   Thumb Code   206  stm32f4xx_hal_dma.o(i.HAL_DMA_Init)
    HAL_DMA_Start_IT                         0x080015cd   Thumb Code   120  stm32f4xx_hal_dma.o(i.HAL_DMA_Start_IT)
    HAL_GPIO_EXTI_Callback                   0x08001645   Thumb Code     2  stm32f4xx_hal_gpio.o(i.HAL_GPIO_EXTI_Callback)
    HAL_GPIO_EXTI_IRQHandler                 0x08001649   Thumb Code    18  stm32f4xx_hal_gpio.o(i.HAL_GPIO_EXTI_IRQHandler)
    HAL_GPIO_Init                            0x08001661   Thumb Code   388  stm32f4xx_hal_gpio.o(i.HAL_GPIO_Init)
    HAL_GPIO_TogglePin                       0x08001811   Thumb Code     8  stm32f4xx_hal_gpio.o(i.HAL_GPIO_TogglePin)
    HAL_GPIO_WritePin                        0x08001819   Thumb Code    10  stm32f4xx_hal_gpio.o(i.HAL_GPIO_WritePin)
    HAL_GetTick                              0x08001825   Thumb Code     6  stm32f4xx_hal.o(i.HAL_GetTick)
    HAL_IncTick                              0x08001831   Thumb Code    12  stm32f4xx_hal.o(i.HAL_IncTick)
    HAL_Init                                 0x08001841   Thumb Code    48  stm32f4xx_hal.o(i.HAL_Init)
    HAL_InitTick                             0x08001875   Thumb Code    54  stm32f4xx_hal.o(i.HAL_InitTick)
    HAL_MspInit                              0x080018b5   Thumb Code    88  stm32f4xx_hal_msp.o(i.HAL_MspInit)
    HAL_NVIC_EnableIRQ                       0x0800190d   Thumb Code    22  stm32f4xx_hal_cortex.o(i.HAL_NVIC_EnableIRQ)
    HAL_NVIC_SetPriority                     0x08001925   Thumb Code    60  stm32f4xx_hal_cortex.o(i.HAL_NVIC_SetPriority)
    HAL_NVIC_SetPriorityGrouping             0x08001965   Thumb Code    26  stm32f4xx_hal_cortex.o(i.HAL_NVIC_SetPriorityGrouping)
    HAL_RCC_ClockConfig                      0x08001989   Thumb Code   286  stm32f4xx_hal_rcc.o(i.HAL_RCC_ClockConfig)
    HAL_RCC_GetHCLKFreq                      0x08001ab9   Thumb Code     6  stm32f4xx_hal_rcc.o(i.HAL_RCC_GetHCLKFreq)
    HAL_RCC_GetPCLK1Freq                     0x08001ac5   Thumb Code    20  stm32f4xx_hal_rcc.o(i.HAL_RCC_GetPCLK1Freq)
    HAL_RCC_GetPCLK2Freq                     0x08001ae5   Thumb Code    20  stm32f4xx_hal_rcc.o(i.HAL_RCC_GetPCLK2Freq)
    HAL_RCC_GetSysClockFreq                  0x08001b05   Thumb Code    88  stm32f4xx_hal_rcc.o(i.HAL_RCC_GetSysClockFreq)
    HAL_RCC_OscConfig                        0x08001b65   Thumb Code   770  stm32f4xx_hal_rcc.o(i.HAL_RCC_OscConfig)
    HAL_SYSTICK_CLKSourceConfig              0x08001e81   Thumb Code    24  stm32f4xx_hal_cortex.o(i.HAL_SYSTICK_CLKSourceConfig)
    HAL_SYSTICK_Callback                     0x08001e99   Thumb Code     2  stm32f4xx_hal_cortex.o(i.HAL_SYSTICK_Callback)
    HAL_SYSTICK_Config                       0x08001e9b   Thumb Code    40  stm32f4xx_hal_cortex.o(i.HAL_SYSTICK_Config)
    HAL_SYSTICK_IRQHandler                   0x08001ec3   Thumb Code     8  stm32f4xx_hal_cortex.o(i.HAL_SYSTICK_IRQHandler)
    HAL_UART_Init                            0x08001ecb   Thumb Code    98  stm32f4xx_hal_uart.o(i.HAL_UART_Init)
    HAL_UART_MspInit                         0x08001f2d   Thumb Code    62  stm32f4xx_hal_msp.o(i.HAL_UART_MspInit)
    HAL_UART_Transmit                        0x08001f79   Thumb Code   186  stm32f4xx_hal_uart.o(i.HAL_UART_Transmit)
    HardFault_Handler                        0x08002033   Thumb Code     2  stm32f4xx_it.o(i.HardFault_Handler)
    MemManage_Handler                        0x08002119   Thumb Code     2  stm32f4xx_it.o(i.MemManage_Handler)
    NMI_Handler                              0x0800211b   Thumb Code     2  stm32f4xx_it.o(i.NMI_Handler)
    PendSV_Handler                           0x0800213d   Thumb Code     2  stm32f4xx_it.o(i.PendSV_Handler)
    SVC_Handler                              0x0800213f   Thumb Code     2  stm32f4xx_it.o(i.SVC_Handler)
    SysTick_Handler                          0x08002141   Thumb Code    36  stm32f4xx_it.o(i.SysTick_Handler)
    SystemClock_Config                       0x08002171   Thumb Code   152  main.o(i.SystemClock_Config)
    SystemInit                               0x08002211   Thumb Code    66  system_stm32f4xx.o(i.SystemInit)
    UART_Transmit_F                          0x08002511   Thumb Code    96  main.o(i.UART_Transmit_F)
    UsageFault_Handler                       0x08002619   Thumb Code     2  stm32f4xx_it.o(i.UsageFault_Handler)
    _Error_Handler                           0x0800261b   Thumb Code     2  main.o(i._Error_Handler)
    __0printf                                0x0800261d   Thumb Code    22  printfa.o(i.__0printf)
    __1printf                                0x0800261d   Thumb Code     0  printfa.o(i.__0printf)
    __2printf                                0x0800261d   Thumb Code     0  printfa.o(i.__0printf)
    __c89printf                              0x0800261d   Thumb Code     0  printfa.o(i.__0printf)
    printf                                   0x0800261d   Thumb Code     0  printfa.o(i.__0printf)
    __0sprintf                               0x0800263d   Thumb Code    34  printfa.o(i.__0sprintf)
    __1sprintf                               0x0800263d   Thumb Code     0  printfa.o(i.__0sprintf)
    __2sprintf                               0x0800263d   Thumb Code     0  printfa.o(i.__0sprintf)
    __c89sprintf                             0x0800263d   Thumb Code     0  printfa.o(i.__0sprintf)
    sprintf                                  0x0800263d   Thumb Code     0  printfa.o(i.__0sprintf)
    __ARM_fpclassify                         0x08002665   Thumb Code    48  fpclassify.o(i.__ARM_fpclassify)
    __hardfp_cos                             0x08002699   Thumb Code   180  cos.o(i.__hardfp_cos)
    __hardfp_floor                           0x08002761   Thumb Code   252  floor.o(i.__hardfp_floor)
    __hardfp_logf                            0x08002879   Thumb Code   320  logf.o(i.__hardfp_logf)
    __mathlib_logf                           0x08002879   Thumb Code     0  logf.o(i.__hardfp_logf)
    __hardfp_pow                             0x080029e9   Thumb Code  3044  pow.o(i.__hardfp_pow)
    __hardfp_sin                             0x08003621   Thumb Code   180  sin.o(i.__hardfp_sin)
    __hardfp_sqrt                            0x080036e9   Thumb Code   122  sqrt.o(i.__hardfp_sqrt)
    __ieee754_rem_pio2                       0x08003769   Thumb Code   938  rred.o(i.__ieee754_rem_pio2)
    __kernel_cos                             0x08003ba1   Thumb Code   322  cos_i.o(i.__kernel_cos)
    __kernel_poly                            0x08003d11   Thumb Code   248  poly.o(i.__kernel_poly)
    __kernel_sin                             0x08003e09   Thumb Code   280  sin_i.o(i.__kernel_sin)
    __mathlib_dbl_divzero                    0x08003f39   Thumb Code    28  dunder.o(i.__mathlib_dbl_divzero)
    __mathlib_dbl_infnan                     0x08003f69   Thumb Code    20  dunder.o(i.__mathlib_dbl_infnan)
    __mathlib_dbl_infnan2                    0x08003f7d   Thumb Code    20  dunder.o(i.__mathlib_dbl_infnan2)
    __mathlib_dbl_invalid                    0x08003f91   Thumb Code    24  dunder.o(i.__mathlib_dbl_invalid)
    __mathlib_dbl_overflow                   0x08003fb1   Thumb Code    24  dunder.o(i.__mathlib_dbl_overflow)
    __mathlib_dbl_underflow                  0x08003fd1   Thumb Code    24  dunder.o(i.__mathlib_dbl_underflow)
    __mathlib_flt_divzero                    0x08003ff1   Thumb Code    14  funder.o(i.__mathlib_flt_divzero)
    __mathlib_flt_infnan                     0x08004005   Thumb Code     6  funder.o(i.__mathlib_flt_infnan)
    __mathlib_flt_invalid                    0x0800400d   Thumb Code    10  funder.o(i.__mathlib_flt_invalid)
    __scatterload_copy                       0x0800401d   Thumb Code    14  handlers.o(i.__scatterload_copy)
    __scatterload_null                       0x0800402b   Thumb Code     2  handlers.o(i.__scatterload_null)
    __scatterload_zeroinit                   0x0800402d   Thumb Code    14  handlers.o(i.__scatterload_zeroinit)
    __set_errno                              0x0800403d   Thumb Code     6  errno.o(i.__set_errno)
    energyDetect                             0x080048e5   Thumb Code   490  main.o(i.energyDetect)
    fabs                                     0x08004b0d   Thumb Code    24  fabs.o(i.fabs)
    filter                                   0x08004b25   Thumb Code   106  mfccfunc.o(i.filter)
    fputc                                    0x08004b9d   Thumb Code    36  fput_debug.o(i.fputc)
    free                                     0x08004bc5   Thumb Code    76  malloc.o(i.free)
    kiss_fft                                 0x08005263   Thumb Code     6  kiss_fft.o(i.kiss_fft)
    kiss_fft_alloc                           0x08005269   Thumb Code   274  kiss_fft.o(i.kiss_fft_alloc)
    kiss_fft_stride                          0x08005385   Thumb Code    82  kiss_fft.o(i.kiss_fft_stride)
    mahalaTrans                              0x080053d9   Thumb Code   172  main.o(i.mahalaTrans)
    main                                     0x0800548d   Thumb Code   128  main.o(i.main)
    malloc                                   0x08005525   Thumb Code    92  malloc.o(i.malloc)
    mfccFunc                                 0x08005591   Thumb Code   800  mfccfunc.o(i.mfccFunc)
    sqrt                                     0x08005909   Thumb Code   110  sqrt.o(i.sqrt)
    AHBPrescTable                            0x0800597e   Data          16  system_stm32f4xx.o(.constdata)
    APBPrescTable                            0x0800598e   Data           8  system_stm32f4xx.o(.constdata)
    __mathlib_zero                           0x08005a90   Data           8  qnan.o(.constdata)
    Region$$Table$$Base                      0x08005b88   Number         0  anon$$obj.o(Region$$Table)
    Region$$Table$$Limit                     0x08005ba8   Number         0  anon$$obj.o(Region$$Table)
    uwTickFreq                               0x20000000   Data           1  stm32f4xx_hal.o(.data)
    uwTickPrio                               0x20000004   Data           4  stm32f4xx_hal.o(.data)
    uwTick                                   0x20000008   Data           4  stm32f4xx_hal.o(.data)
    SystemCoreClock                          0x2000000c   Data           4  system_stm32f4xx.o(.data)
    callibration                             0x20000010   Data           4  main.o(.data)
    temp_thresh                              0x20000014   Data           4  main.o(.data)
    set_thresh                               0x20000018   Data           4  main.o(.data)
    DMA_Active                               0x2000001c   Data           4  main.o(.data)
    STOP_DMA                                 0x20000020   Data           4  main.o(.data)
    energy                                   0x20000024   Data           4  main.o(.data)
    start                                    0x20000028   Data           4  main.o(.data)
    speechCap                                0x2000002c   Data           4  main.o(.data)
    fillCounter                              0x20000030   Data           4  main.o(.data)
    CC_Weights                               0x20000034   Data          52  constants.o(.data)
    H                                        0x20000068   Data       25700  constants.o(.data)
    DCT                                      0x200064cc   Data        1300  constants.o(.data)
    __stdout                                 0x200069e0   Data           4  stdout.o(.data)
    __microlib_freelist                      0x200069e4   Data           4  mvars.o(.data)
    __microlib_freelist_initialised          0x200069e8   Data           4  mvars.o(.data)
    hadc1                                    0x200069f0   Data          72  main.o(.bss)
    huart2                                   0x20006a38   Data          64  main.o(.bss)
    speech                                   0x20006a78   Data       16000  main.o(.bss)
    mfcc                                     0x2000e778   Data        1248  main.o(.bss)
    hdma_adc1                                0x2000ec58   Data          96  main.o(.bss)
    __heap_base                              0x2000ecb8   Data           0  startup_stm32f407xx.o(HEAP)
    __heap_limit                             0x2000eeb8   Data           0  startup_stm32f407xx.o(HEAP)
    __initial_sp                             0x2000f2b8   Data           0  startup_stm32f407xx.o(STACK)



==============================================================================

Memory Map of the image

  Image Entry point : 0x08000189

  Load Region LR_IROM1 (Base: 0x08000000, Size: 0x0000c598, Max: 0x00100000, ABSOLUTE, COMPRESSED[0x0000673c])

    Execution Region ER_IROM1 (Base: 0x08000000, Size: 0x00005ba8, Max: 0x00100000, ABSOLUTE)

    Base Addr    Size         Type   Attr      Idx    E Section Name        Object

    0x08000000   0x00000188   Data   RO            3    RESET               startup_stm32f407xx.o
    0x08000188   0x00000000   Code   RO         2300  * .ARM.Collect$$$$00000000  mc_w.l(entry.o)
    0x08000188   0x00000004   Code   RO         2667    .ARM.Collect$$$$00000001  mc_w.l(entry2.o)
    0x0800018c   0x00000004   Code   RO         2670    .ARM.Collect$$$$00000004  mc_w.l(entry5.o)
    0x08000190   0x00000000   Code   RO         2672    .ARM.Collect$$$$00000008  mc_w.l(entry7b.o)
    0x08000190   0x00000000   Code   RO         2674    .ARM.Collect$$$$0000000A  mc_w.l(entry8b.o)
    0x08000190   0x00000008   Code   RO         2675    .ARM.Collect$$$$0000000B  mc_w.l(entry9a.o)
    0x08000198   0x00000000   Code   RO         2677    .ARM.Collect$$$$0000000D  mc_w.l(entry10a.o)
    0x08000198   0x00000000   Code   RO         2679    .ARM.Collect$$$$0000000F  mc_w.l(entry11a.o)
    0x08000198   0x00000004   Code   RO         2668    .ARM.Collect$$$$00002712  mc_w.l(entry2.o)
    0x0800019c   0x00000024   Code   RO            4    .text               startup_stm32f407xx.o
    0x080001c0   0x00000062   Code   RO         2303    .text               mc_w.l(uldiv.o)
    0x08000222   0x00000024   Code   RO         2305    .text               mc_w.l(memcpya.o)
    0x08000246   0x0000014e   Code   RO         2598    .text               mf_w.l(dadd.o)
    0x08000394   0x000000e4   Code   RO         2600    .text               mf_w.l(dmul.o)
    0x08000478   0x000000de   Code   RO         2602    .text               mf_w.l(ddiv.o)
    0x08000556   0x00000022   Code   RO         2606    .text               mf_w.l(dflti.o)
    0x08000578   0x00000026   Code   RO         2608    .text               mf_w.l(f2d.o)
    0x0800059e   0x00000002   PAD
    0x080005a0   0x00000030   Code   RO         2610    .text               mf_w.l(cdrcmple.o)
    0x080005d0   0x00000038   Code   RO         2612    .text               mf_w.l(d2f.o)
    0x08000608   0x0000002c   Code   RO         2682    .text               mc_w.l(uidiv.o)
    0x08000634   0x0000001e   Code   RO         2684    .text               mc_w.l(llshl.o)
    0x08000652   0x00000020   Code   RO         2686    .text               mc_w.l(llushr.o)
    0x08000672   0x00000024   Code   RO         2688    .text               mc_w.l(llsshr.o)
    0x08000696   0x00000000   Code   RO         2699    .text               mc_w.l(iusefp.o)
    0x08000696   0x0000006e   Code   RO         2700    .text               mf_w.l(fepilogue.o)
    0x08000704   0x000000ba   Code   RO         2702    .text               mf_w.l(depilogue.o)
    0x080007be   0x0000002e   Code   RO         2704    .text               mf_w.l(dscalb.o)
    0x080007ec   0x000000a2   Code   RO         2706    .text               mf_w.l(dsqrt.o)
    0x0800088e   0x00000030   Code   RO         2708    .text               mf_w.l(dfixul.o)
    0x080008be   0x00000002   PAD
    0x080008c0   0x00000024   Code   RO         2712    .text               mc_w.l(init.o)
    0x080008e4   0x0000001a   Code   RO         2714    .text               mf_w.l(dfltui.o)
    0x080008fe   0x0000003e   Code   RO         2716    .text               mf_w.l(dfixi.o)
    0x0800093c   0x00000056   Code   RO         2726    .text               mc_w.l(__dczerorl2.o)
    0x08000992   0x00000062   Code   RO         1477    i.ADC_DMAConvCplt   stm32f4xx_hal_adc.o
    0x080009f4   0x00000016   Code   RO         1478    i.ADC_DMAError      stm32f4xx_hal_adc.o
    0x08000a0a   0x0000000a   Code   RO         1479    i.ADC_DMAHalfConvCplt  stm32f4xx_hal_adc.o
    0x08000a14   0x0000000c   Code   RO         1831    i.ADC_IRQHandler    stm32f4xx_it.o
    0x08000a20   0x00000124   Code   RO         1480    i.ADC_Init          stm32f4xx_hal_adc.o
    0x08000b44   0x00000002   Code   RO         1832    i.BusFault_Handler  stm32f4xx_it.o
    0x08000b46   0x00000002   PAD
    0x08000b48   0x0000000c   Code   RO         1833    i.DMA2_Stream0_IRQHandler  stm32f4xx_it.o
    0x08000b54   0x00000028   Code   RO          225    i.DMA_CalcBaseAndBitshift  stm32f4xx_hal_dma.o
    0x08000b7c   0x00000054   Code   RO          226    i.DMA_CheckFifoParam  stm32f4xx_hal_dma.o
    0x08000bd0   0x00000028   Code   RO          227    i.DMA_SetConfig     stm32f4xx_hal_dma.o
    0x08000bf8   0x00000002   Code   RO         1834    i.DebugMon_Handler  stm32f4xx_it.o
    0x08000bfa   0x00000006   Code   RO         1835    i.EXTI0_IRQHandler  stm32f4xx_it.o
    0x08000c00   0x00000002   Code   RO         1651    i.HAL_ADCEx_InjectedConvCpltCallback  stm32f4xx_hal_adc_ex.o
    0x08000c02   0x00000002   PAD
    0x08000c04   0x0000014c   Code   RO         1482    i.HAL_ADC_ConfigChannel  stm32f4xx_hal_adc.o
    0x08000d50   0x00000054   Code   RO         1925    i.HAL_ADC_ConvCpltCallback  main.o
    0x08000da4   0x00000006   Code   RO         1926    i.HAL_ADC_ConvHalfCpltCallback  main.o
    0x08000daa   0x00000002   Code   RO         1486    i.HAL_ADC_ErrorCallback  stm32f4xx_hal_adc.o
    0x08000dac   0x0000013c   Code   RO         1490    i.HAL_ADC_IRQHandler  stm32f4xx_hal_adc.o
    0x08000ee8   0x00000054   Code   RO         1491    i.HAL_ADC_Init      stm32f4xx_hal_adc.o
    0x08000f3c   0x00000002   Code   RO         1492    i.HAL_ADC_LevelOutOfWindowCallback  stm32f4xx_hal_adc.o
    0x08000f3e   0x00000002   PAD
    0x08000f40   0x000000ac   Code   RO         2040    i.HAL_ADC_MspInit   stm32f4xx_hal_msp.o
    0x08000fec   0x000000bc   Code   RO         1497    i.HAL_ADC_Start     stm32f4xx_hal_adc.o
    0x080010a8   0x00000100   Code   RO         1498    i.HAL_ADC_Start_DMA  stm32f4xx_hal_adc.o
    0x080011a8   0x000000c8   Code   RO         1499    i.HAL_ADC_Start_IT  stm32f4xx_hal_adc.o
    0x08001270   0x00000058   Code   RO         1501    i.HAL_ADC_Stop_DMA  stm32f4xx_hal_adc.o
    0x080012c8   0x0000008e   Code   RO          228    i.HAL_DMA_Abort     stm32f4xx_hal_dma.o
    0x08001356   0x00000002   PAD
    0x08001358   0x000001a0   Code   RO          233    i.HAL_DMA_IRQHandler  stm32f4xx_hal_dma.o
    0x080014f8   0x000000d4   Code   RO          234    i.HAL_DMA_Init      stm32f4xx_hal_dma.o
    0x080015cc   0x00000078   Code   RO          238    i.HAL_DMA_Start_IT  stm32f4xx_hal_dma.o
    0x08001644   0x00000002   Code   RO         1121    i.HAL_GPIO_EXTI_Callback  stm32f4xx_hal_gpio.o
    0x08001646   0x00000002   PAD
    0x08001648   0x00000018   Code   RO         1122    i.HAL_GPIO_EXTI_IRQHandler  stm32f4xx_hal_gpio.o
    0x08001660   0x000001b0   Code   RO         1123    i.HAL_GPIO_Init     stm32f4xx_hal_gpio.o
    0x08001810   0x00000008   Code   RO         1126    i.HAL_GPIO_TogglePin  stm32f4xx_hal_gpio.o
    0x08001818   0x0000000a   Code   RO         1127    i.HAL_GPIO_WritePin  stm32f4xx_hal_gpio.o
    0x08001822   0x00000002   PAD
    0x08001824   0x0000000c   Code   RO         1319    i.HAL_GetTick       stm32f4xx_hal.o
    0x08001830   0x00000010   Code   RO         1323    i.HAL_IncTick       stm32f4xx_hal.o
    0x08001840   0x00000034   Code   RO         1324    i.HAL_Init          stm32f4xx_hal.o
    0x08001874   0x00000040   Code   RO         1325    i.HAL_InitTick      stm32f4xx_hal.o
    0x080018b4   0x00000058   Code   RO         2041    i.HAL_MspInit       stm32f4xx_hal_msp.o
    0x0800190c   0x00000016   Code   RO          716    i.HAL_NVIC_EnableIRQ  stm32f4xx_hal_cortex.o
    0x08001922   0x00000002   PAD
    0x08001924   0x00000040   Code   RO          722    i.HAL_NVIC_SetPriority  stm32f4xx_hal_cortex.o
    0x08001964   0x00000024   Code   RO          723    i.HAL_NVIC_SetPriorityGrouping  stm32f4xx_hal_cortex.o
    0x08001988   0x00000130   Code   RO         1205    i.HAL_RCC_ClockConfig  stm32f4xx_hal_rcc.o
    0x08001ab8   0x0000000c   Code   RO         1210    i.HAL_RCC_GetHCLKFreq  stm32f4xx_hal_rcc.o
    0x08001ac4   0x00000020   Code   RO         1212    i.HAL_RCC_GetPCLK1Freq  stm32f4xx_hal_rcc.o
    0x08001ae4   0x00000020   Code   RO         1213    i.HAL_RCC_GetPCLK2Freq  stm32f4xx_hal_rcc.o
    0x08001b04   0x00000060   Code   RO         1214    i.HAL_RCC_GetSysClockFreq  stm32f4xx_hal_rcc.o
    0x08001b64   0x0000031c   Code   RO         1217    i.HAL_RCC_OscConfig  stm32f4xx_hal_rcc.o
    0x08001e80   0x00000018   Code   RO          725    i.HAL_SYSTICK_CLKSourceConfig  stm32f4xx_hal_cortex.o
    0x08001e98   0x00000002   Code   RO          726    i.HAL_SYSTICK_Callback  stm32f4xx_hal_cortex.o
    0x08001e9a   0x00000028   Code   RO          727    i.HAL_SYSTICK_Config  stm32f4xx_hal_cortex.o
    0x08001ec2   0x00000008   Code   RO          728    i.HAL_SYSTICK_IRQHandler  stm32f4xx_hal_cortex.o
    0x08001eca   0x00000062   Code   RO          356    i.HAL_UART_Init     stm32f4xx_hal_uart.o
    0x08001f2c   0x0000004c   Code   RO         2043    i.HAL_UART_MspInit  stm32f4xx_hal_msp.o
    0x08001f78   0x000000ba   Code   RO          364    i.HAL_UART_Transmit  stm32f4xx_hal_uart.o
    0x08002032   0x00000002   Code   RO         1836    i.HardFault_Handler  stm32f4xx_it.o
    0x08002034   0x00000054   Code   RO         1927    i.MX_ADC1_Init      main.o
    0x08002088   0x00000090   Code   RO         1928    i.MX_GPIO_Init      main.o
    0x08002118   0x00000002   Code   RO         1837    i.MemManage_Handler  stm32f4xx_it.o
    0x0800211a   0x00000002   Code   RO         1838    i.NMI_Handler       stm32f4xx_it.o
    0x0800211c   0x00000020   Code   RO          729    i.NVIC_SetPriority  stm32f4xx_hal_cortex.o
    0x0800213c   0x00000002   Code   RO         1839    i.PendSV_Handler    stm32f4xx_it.o
    0x0800213e   0x00000002   Code   RO         1840    i.SVC_Handler       stm32f4xx_it.o
    0x08002140   0x00000030   Code   RO         1841    i.SysTick_Handler   stm32f4xx_it.o
    0x08002170   0x000000a0   Code   RO         1929    i.SystemClock_Config  main.o
    0x08002210   0x00000054   Code   RO         1794    i.SystemInit        system_stm32f4xx.o
    0x08002264   0x000002ac   Code   RO          382    i.UART_SetConfig    stm32f4xx_hal_uart.o
    0x08002510   0x000000a4   Code   RO         1930    i.UART_Transmit_F   main.o
    0x080025b4   0x00000064   Code   RO          384    i.UART_WaitOnFlagUntilTimeout  stm32f4xx_hal_uart.o
    0x08002618   0x00000002   Code   RO         1842    i.UsageFault_Handler  stm32f4xx_it.o
    0x0800261a   0x00000002   Code   RO         1932    i._Error_Handler    main.o
    0x0800261c   0x00000020   Code   RO         2542    i.__0printf         mc_w.l(printfa.o)
    0x0800263c   0x00000028   Code   RO         2544    i.__0sprintf        mc_w.l(printfa.o)
    0x08002664   0x00000030   Code   RO         2637    i.__ARM_fpclassify  m_wm.l(fpclassify.o)
    0x08002694   0x00000004   PAD
    0x08002698   0x000000c8   Code   RO         2230    i.__hardfp_cos      m_wm.l(cos.o)
    0x08002760   0x00000118   Code   RO         2242    i.__hardfp_floor    m_wm.l(floor.o)
    0x08002878   0x0000016c   Code   RO         2248    i.__hardfp_logf     m_wm.l(logf.o)
    0x080029e4   0x00000004   PAD
    0x080029e8   0x00000c38   Code   RO         2262    i.__hardfp_pow      m_wm.l(pow.o)
    0x08003620   0x000000c8   Code   RO         2276    i.__hardfp_sin      m_wm.l(sin.o)
    0x080036e8   0x0000007a   Code   RO         2288    i.__hardfp_sqrt     m_wm.l(sqrt.o)
    0x08003762   0x00000006   PAD
    0x08003768   0x00000438   Code   RO         2656    i.__ieee754_rem_pio2  m_wm.l(rred.o)
    0x08003ba0   0x00000170   Code   RO         2614    i.__kernel_cos      m_wm.l(cos_i.o)
    0x08003d10   0x000000f8   Code   RO         2653    i.__kernel_poly     m_wm.l(poly.o)
    0x08003e08   0x00000130   Code   RO         2661    i.__kernel_sin      m_wm.l(sin_i.o)
    0x08003f38   0x00000030   Code   RO         2617    i.__mathlib_dbl_divzero  m_wm.l(dunder.o)
    0x08003f68   0x00000014   Code   RO         2618    i.__mathlib_dbl_infnan  m_wm.l(dunder.o)
    0x08003f7c   0x00000014   Code   RO         2619    i.__mathlib_dbl_infnan2  m_wm.l(dunder.o)
    0x08003f90   0x00000020   Code   RO         2620    i.__mathlib_dbl_invalid  m_wm.l(dunder.o)
    0x08003fb0   0x00000020   Code   RO         2621    i.__mathlib_dbl_overflow  m_wm.l(dunder.o)
    0x08003fd0   0x00000020   Code   RO         2623    i.__mathlib_dbl_underflow  m_wm.l(dunder.o)
    0x08003ff0   0x00000014   Code   RO         2639    i.__mathlib_flt_divzero  m_wm.l(funder.o)
    0x08004004   0x00000006   Code   RO         2640    i.__mathlib_flt_infnan  m_wm.l(funder.o)
    0x0800400a   0x00000002   PAD
    0x0800400c   0x00000010   Code   RO         2642    i.__mathlib_flt_invalid  m_wm.l(funder.o)
    0x0800401c   0x0000000e   Code   RO         2720    i.__scatterload_copy  mc_w.l(handlers.o)
    0x0800402a   0x00000002   Code   RO         2721    i.__scatterload_null  mc_w.l(handlers.o)
    0x0800402c   0x0000000e   Code   RO         2722    i.__scatterload_zeroinit  mc_w.l(handlers.o)
    0x0800403a   0x00000002   PAD
    0x0800403c   0x0000000c   Code   RO         2694    i.__set_errno       mc_w.l(errno.o)
    0x08004048   0x00000164   Code   RO         2549    i._fp_digits        mc_w.l(printfa.o)
    0x080041ac   0x000006dc   Code   RO         2550    i._printf_core      mc_w.l(printfa.o)
    0x08004888   0x00000024   Code   RO         2551    i._printf_post_padding  mc_w.l(printfa.o)
    0x080048ac   0x0000002e   Code   RO         2552    i._printf_pre_padding  mc_w.l(printfa.o)
    0x080048da   0x0000000a   Code   RO         2554    i._sputc            mc_w.l(printfa.o)
    0x080048e4   0x00000228   Code   RO         1933    i.energyDetect      main.o
    0x08004b0c   0x00000018   Code   RO         2633    i.fabs              m_wm.l(fabs.o)
    0x08004b24   0x00000078   Code   RO         2204    i.filter            mfccfunc.o
    0x08004b9c   0x00000028   Code   RO         2088    i.fputc             fput_debug.o
    0x08004bc4   0x00000050   Code   RO         2570    i.free              mc_w.l(malloc.o)
    0x08004c14   0x00000150   Code   RO         2124    i.kf_bfly3          kiss_fft.o
    0x08004d64   0x00000146   Code   RO         2125    i.kf_bfly4          kiss_fft.o
    0x08004eaa   0x000001c2   Code   RO         2126    i.kf_bfly5          kiss_fft.o
    0x0800506c   0x000000d0   Code   RO         2127    i.kf_bfly_generic   kiss_fft.o
    0x0800513c   0x00000126   Code   RO         2128    i.kf_work           kiss_fft.o
    0x08005262   0x00000006   Code   RO         2129    i.kiss_fft          kiss_fft.o
    0x08005268   0x0000011c   Code   RO         2130    i.kiss_fft_alloc    kiss_fft.o
    0x08005384   0x00000052   Code   RO         2133    i.kiss_fft_stride   kiss_fft.o
    0x080053d6   0x00000002   PAD
    0x080053d8   0x000000b4   Code   RO         1934    i.mahalaTrans       main.o
    0x0800548c   0x00000098   Code   RO         1936    i.main              main.o
    0x08005524   0x0000006c   Code   RO         2571    i.malloc            mc_w.l(malloc.o)
    0x08005590   0x00000378   Code   RO         2205    i.mfccFunc          mfccfunc.o
    0x08005908   0x0000006e   Code   RO         2290    i.sqrt              m_wm.l(sqrt.o)
    0x08005976   0x00000008   Data   RO          240    .constdata          stm32f4xx_hal_dma.o
    0x0800597e   0x00000010   Data   RO         1795    .constdata          system_stm32f4xx.o
    0x0800598e   0x00000008   Data   RO         1796    .constdata          system_stm32f4xx.o
    0x08005996   0x00000002   PAD
    0x08005998   0x00000040   Data   RO         2251    .constdata          m_wm.l(logf.o)
    0x080059d8   0x00000088   Data   RO         2265    .constdata          m_wm.l(pow.o)
    0x08005a60   0x00000030   Data   RO         2615    .constdata          m_wm.l(cos_i.o)
    0x08005a90   0x00000008   Data   RO         2655    .constdata          m_wm.l(qnan.o)
    0x08005a98   0x000000c8   Data   RO         2658    .constdata          m_wm.l(rred.o)
    0x08005b60   0x00000028   Data   RO         2662    .constdata          m_wm.l(sin_i.o)
    0x08005b88   0x00000020   Data   RO         2718    Region$$Table       anon$$obj.o


    Execution Region RW_IRAM1 (Base: 0x20000000, Size: 0x0000f2b8, Max: 0x00020000, ABSOLUTE, COMPRESSED[0x00000b94])

    Base Addr    Size         Type   Attr      Idx    E Section Name        Object

    0x20000000   0x0000000c   Data   RW         1331    .data               stm32f4xx_hal.o
    0x2000000c   0x00000004   Data   RW         1797    .data               system_stm32f4xx.o
    0x20000010   0x00000024   Data   RW         1944    .data               main.o
    0x20000034   0x00000034   Data   RW         2113    .data               constants.o
    0x20000068   0x00006464   Data   RW         2114    .data               constants.o
    0x200064cc   0x00000514   Data   RW         2115    .data               constants.o
    0x200069e0   0x00000004   Data   RW         2681    .data               mc_w.l(stdout.o)
    0x200069e4   0x00000004   Data   RW         2690    .data               mc_w.l(mvars.o)
    0x200069e8   0x00000004   Data   RW         2691    .data               mc_w.l(mvars.o)
    0x200069ec   0x00000004   Data   RW         2695    .data               mc_w.l(errno.o)
    0x200069f0   0x00008268   Zero   RW         1937    .bss                main.o
    0x2000ec58   0x00000060   Zero   RW         1938    .bss                main.o
    0x2000ecb8   0x00000200   Zero   RW            2    HEAP                startup_stm32f407xx.o
    0x2000eeb8   0x00000400   Zero   RW            1    STACK               startup_stm32f407xx.o


==============================================================================

Image component sizes


      Code (inc. data)   RO Data    RW Data    ZI Data      Debug   Object Name

         0          0          0      27052          0        547   constants.o
        40          4          0          0          0      27219   fput_debug.o
      1986         20          0          0          0      12550   kiss_fft.o
      1528        218          0         36      33480       8341   main.o
      1008        102          0          0          0       3488   mfccfunc.o
        36          8        392          0       1536        816   startup_stm32f407xx.o
       144         24          0         12          0       3813   stm32f4xx_hal.o
      1890         94          0          0          0       9721   stm32f4xx_hal_adc.o
         2          0          0          0          0        945   stm32f4xx_hal_adc_ex.o
       228         14          0          0          0      31849   stm32f4xx_hal_cortex.o
      1054         16          8          0          0       6403   stm32f4xx_hal_dma.o
         0          0          0          0          0     673364   stm32f4xx_hal_flash_ex.o
       476         50          0          0          0       4065   stm32f4xx_hal_gpio.o
       336         62          0          0          0       2151   stm32f4xx_hal_msp.o
      1272         82          0          0          0       5456   stm32f4xx_hal_rcc.o
      1068          8          0          0          0       3928   stm32f4xx_hal_uart.o
        94         24          0          0          0       5284   stm32f4xx_it.o
        84         18         24          4          0       1099   system_stm32f4xx.o

    ----------------------------------------------------------------------
     11262        744        458      27104      35016     801039   Object Totals
         0          0         32          0          0          0   (incl. Generated)
        16          0          2          0          0          0   (incl. Padding)

    ----------------------------------------------------------------------

      Code (inc. data)   RO Data    RW Data    ZI Data      Debug   Library Member Name

       200         20          0          0          0        164   cos.o
       368         46         48          0          0        200   cos_i.o
       184         44          0          0          0        744   dunder.o
        24          0          0          0          0        124   fabs.o
       280         28          0          0          0        156   floor.o
        48          0          0          0          0        124   fpclassify.o
        42         12          0          0          0        348   funder.o
       364         44         64          0          0        140   logf.o
       248          0          0          0          0        152   poly.o
      3128        302        136          0          0        356   pow.o
         0          0          8          0          0          0   qnan.o
      1080        142        200          0          0        188   rred.o
       200         20          0          0          0        164   sin.o
       304         24         40          0          0        208   sin_i.o
       232          0          0          0          0        296   sqrt.o
        86          0          0          0          0          0   __dczerorl2.o
         0          0          0          0          0          0   entry.o
         0          0          0          0          0          0   entry10a.o
         0          0          0          0          0          0   entry11a.o
         8          4          0          0          0          0   entry2.o
         4          0          0          0          0          0   entry5.o
         0          0          0          0          0          0   entry7b.o
         0          0          0          0          0          0   entry8b.o
         8          4          0          0          0          0   entry9a.o
        12          6          0          4          0         68   errno.o
        30          0          0          0          0          0   handlers.o
        36          8          0          0          0         68   init.o
         0          0          0          0          0          0   iusefp.o
        30          0          0          0          0         68   llshl.o
        36          0          0          0          0         68   llsshr.o
        32          0          0          0          0         68   llushr.o
       188         20          0          0          0        160   malloc.o
        36          0          0          0          0         68   memcpya.o
         0          0          0          8          0          0   mvars.o
      2276         96          0          0          0        596   printfa.o
         0          0          0          4          0          0   stdout.o
        44          0          0          0          0         80   uidiv.o
        98          0          0          0          0         92   uldiv.o
        48          0          0          0          0         68   cdrcmple.o
        56          0          0          0          0         88   d2f.o
       334          0          0          0          0        148   dadd.o
       222          0          0          0          0        100   ddiv.o
       186          0          0          0          0        176   depilogue.o
        62          0          0          0          0         80   dfixi.o
        48          0          0          0          0         68   dfixul.o
        34          0          0          0          0         76   dflti.o
        26          0          0          0          0         76   dfltui.o
       228          0          0          0          0         96   dmul.o
        46          0          0          0          0         80   dscalb.o
       162          0          0          0          0        100   dsqrt.o
        38          0          0          0          0         68   f2d.o
       110          0          0          0          0        168   fepilogue.o

    ----------------------------------------------------------------------
     11248        824        496         16          0       6092   Library Totals
        22          4          0          0          0          0   (incl. Padding)

    ----------------------------------------------------------------------

      Code (inc. data)   RO Data    RW Data    ZI Data      Debug   Library Name

      6702        682        496          0          0       3364   m_wm.l
      2924        138          0         16          0       1336   mc_w.l
      1600          0          0          0          0       1392   mf_w.l

    ----------------------------------------------------------------------
     11248        824        496         16          0       6092   Library Totals

    ----------------------------------------------------------------------

==============================================================================


      Code (inc. data)   RO Data    RW Data    ZI Data      Debug   

     22510       1568        954      27120      35016     795959   Grand Totals
     22510       1568        954       2964      35016     795959   ELF Image Totals (compressed)
     22510       1568        954       2964          0          0   ROM Totals

==============================================================================

    Total RO  Size (Code + RO Data)                23464 (  22.91kB)
    Total RW  Size (RW Data + ZI Data)             62136 (  60.68kB)
    Total ROM Size (Code + RO Data + RW Data)      26428 (  25.81kB)

==============================================================================

